###############################################################################
#
# IAR ELF Linker V9.10.2.313/W64 for ARM                  17/Oct/2021  11:15:00
# Copyright 2007-2021 IAR Systems AB.
#
#    Output file  =
#        C:\Users\Jin\Programme\univ\mela\Kadai08\EWARM\Kadai08\Exe\Kadai08.out
#    Map file     =
#        C:\Users\Jin\Programme\univ\mela\Kadai08\EWARM\Kadai08\List\Kadai08.map
#    Command line =
#        -f
#        C:\Users\Jin\Programme\univ\mela\Kadai08\EWARM\Kadai08\Exe\Kadai08.out.rsp
#        (C:\Users\Jin\Programme\univ\mela\Kadai08\EWARM\Kadai08\Obj\Application\User\main.o
#        C:\Users\Jin\Programme\univ\mela\Kadai08\EWARM\Kadai08\Obj\Application\EWARM\startup_stm32f401xe.o
#        C:\Users\Jin\Programme\univ\mela\Kadai08\EWARM\Kadai08\Obj\Drivers\STM32F4xx_HAL_Driver\stm32f4xx_hal.o
#        C:\Users\Jin\Programme\univ\mela\Kadai08\EWARM\Kadai08\Obj\Drivers\STM32F4xx_HAL_Driver\stm32f4xx_hal_cortex.o
#        C:\Users\Jin\Programme\univ\mela\Kadai08\EWARM\Kadai08\Obj\Drivers\STM32F4xx_HAL_Driver\stm32f4xx_hal_dma.o
#        C:\Users\Jin\Programme\univ\mela\Kadai08\EWARM\Kadai08\Obj\Drivers\STM32F4xx_HAL_Driver\stm32f4xx_hal_dma_ex.o
#        C:\Users\Jin\Programme\univ\mela\Kadai08\EWARM\Kadai08\Obj\Drivers\STM32F4xx_HAL_Driver\stm32f4xx_hal_exti.o
#        C:\Users\Jin\Programme\univ\mela\Kadai08\EWARM\Kadai08\Obj\Drivers\STM32F4xx_HAL_Driver\stm32f4xx_hal_flash.o
#        C:\Users\Jin\Programme\univ\mela\Kadai08\EWARM\Kadai08\Obj\Drivers\STM32F4xx_HAL_Driver\stm32f4xx_hal_flash_ex.o
#        C:\Users\Jin\Programme\univ\mela\Kadai08\EWARM\Kadai08\Obj\Drivers\STM32F4xx_HAL_Driver\stm32f4xx_hal_flash_ramfunc.o
#        C:\Users\Jin\Programme\univ\mela\Kadai08\EWARM\Kadai08\Obj\Drivers\STM32F4xx_HAL_Driver\stm32f4xx_hal_gpio.o
#        C:\Users\Jin\Programme\univ\mela\Kadai08\EWARM\Kadai08\Obj\Application\User\stm32f4xx_hal_msp.o
#        C:\Users\Jin\Programme\univ\mela\Kadai08\EWARM\Kadai08\Obj\Drivers\STM32F4xx_HAL_Driver\stm32f4xx_hal_pwr.o
#        C:\Users\Jin\Programme\univ\mela\Kadai08\EWARM\Kadai08\Obj\Drivers\STM32F4xx_HAL_Driver\stm32f4xx_hal_pwr_ex.o
#        C:\Users\Jin\Programme\univ\mela\Kadai08\EWARM\Kadai08\Obj\Drivers\STM32F4xx_HAL_Driver\stm32f4xx_hal_rcc.o
#        C:\Users\Jin\Programme\univ\mela\Kadai08\EWARM\Kadai08\Obj\Drivers\STM32F4xx_HAL_Driver\stm32f4xx_hal_rcc_ex.o
#        C:\Users\Jin\Programme\univ\mela\Kadai08\EWARM\Kadai08\Obj\Drivers\STM32F4xx_HAL_Driver\stm32f4xx_hal_tim.o
#        C:\Users\Jin\Programme\univ\mela\Kadai08\EWARM\Kadai08\Obj\Drivers\STM32F4xx_HAL_Driver\stm32f4xx_hal_tim_ex.o
#        C:\Users\Jin\Programme\univ\mela\Kadai08\EWARM\Kadai08\Obj\Drivers\STM32F4xx_HAL_Driver\stm32f4xx_hal_uart.o
#        C:\Users\Jin\Programme\univ\mela\Kadai08\EWARM\Kadai08\Obj\Application\User\stm32f4xx_it.o
#        C:\Users\Jin\Programme\univ\mela\Kadai08\EWARM\Kadai08\Obj\Drivers\CMSIS\system_stm32f4xx.o
#        --no_out_extension -o
#        C:\Users\Jin\Programme\univ\mela\Kadai08\EWARM\Kadai08\Exe\Kadai08.out
#        --redirect _Printf=_PrintfFullNoMb --redirect _Scanf=_ScanfFullNoMb
#        --map
#        C:\Users\Jin\Programme\univ\mela\Kadai08\EWARM\Kadai08\List\Kadai08.map
#        --config
#        C:\Users\Jin\Programme\univ\mela\Kadai08\EWARM/stm32f401xe_flash.icf
#        --semihosting --entry __iar_program_start --vfe --text_out locale)
#
###############################################################################

*******************************************************************************
*** RUNTIME MODEL ATTRIBUTES
***

CppFlavor       = *
__SystemLibrary = DLib
__dlib_version  = 6


*******************************************************************************
*** HEAP SELECTION
***

The basic heap was selected because some modules are built with
size limitations (and not runtime checking), and --advanced_heap
was not specified.


*******************************************************************************
*** PLACEMENT SUMMARY
***

"A0":  place at address 0x800'0000 { ro section .intvec };
"P1":  place in [from 0x800'0000 to 0x807'ffff] { ro };
define block CSTACK with size = 1K, alignment = 8 { };
define block HEAP with size = 512, alignment = 8 { };
"P2":  place in [from 0x2000'0000 to 0x2001'7fff] {
          rw, block CSTACK, block HEAP };
initialize by copy { rw };

  Section            Kind         Address    Size  Object
  -------            ----         -------    ----  ------
"A0":                                       0x194
  .intvec            ro code   0x800'0000   0x194  startup_stm32f401xe.o [1]
                             - 0x800'0194   0x194

"P1":                                      0x1604
  .text              ro code   0x800'0194   0x51e  stm32f4xx_hal_tim.o [4]
  .text              ro code   0x800'06b2    0x2a  copy_init3.o [7]
  .text              ro code   0x800'06dc   0x110  stm32f4xx_hal_msp.o [2]
  .text              ro code   0x800'07ec     0x2  stm32f4xx_hal_tim.o [4]
  .text              ro code   0x800'07f0    0xac  stm32f4xx_hal_cortex.o [4]
  .text              ro code   0x800'089c   0x1c4  stm32f4xx_hal_gpio.o [4]
  .text              ro code   0x800'0a60    0x14  memset.o [7]
  .text              ro code   0x800'0a74    0x66  ABImemset.o [7]
  .text              ro code   0x800'0adc   0x31c  stm32f4xx_hal_rcc.o [4]
  .text              ro code   0x800'0df8     0xc  stm32f4xx_hal.o [4]
  .text              ro code   0x800'0e04   0x22e  main.o [2]
  .text              ro code   0x800'1034    0x34  stm32f4xx_hal.o [4]
  .text              ro code   0x800'1068    0x78  stm32f4xx_hal_tim_ex.o [4]
  .text              ro code   0x800'10e0   0x140  stm32f4xx_hal_uart.o [4]
  .text              ro code   0x800'1220    0x28  stm32f4xx_hal.o [4]
  .text              ro code   0x800'1248   0x14c  stm32f4xx_hal_rcc.o [4]
  .text              ro code   0x800'1394    0x40  stm32f4xx_hal.o [4]
  .text              ro code   0x800'13d4   0x106  I64DivMod_small.o [7]
  .text              ro code   0x800'14dc    0x60  stm32f4xx_hal_rcc.o [4]
  .text              ro code   0x800'153c     0x2  I64DivZer.o [7]
  .text              ro code   0x800'153e    0x38  zero_init3.o [7]
  .text              ro code   0x800'1578    0x28  data_init.o [7]
  .text              ro code   0x800'15a0    0x22  fpinit_M.o [6]
  .iar.init_table    const     0x800'15c4    0x24  - Linker created -
  .text              ro code   0x800'15e8    0x20  system_stm32f4xx.o [3]
  .text              ro code   0x800'1608    0x1e  cmain.o [7]
  .text              ro code   0x800'1626     0x4  low_level_init.o [5]
  .text              ro code   0x800'162a     0x4  exit.o [5]
  .text              ro code   0x800'1630     0xa  cexit.o [7]
  .text              ro code   0x800'163c    0x14  exit.o [8]
  .text              ro code   0x800'1650    0x1c  cstartup_M.o [7]
  .text              ro code   0x800'166c    0x14  stm32f4xx_it.o [2]
  .text              ro code   0x800'1680    0x10  stm32f4xx_hal.o [4]
  .text              ro code   0x800'1690    0x10  startup_stm32f401xe.o [1]
  Initializer bytes  const     0x800'16a0    0x10  <for P2-1>
  .rodata            const     0x800'16b0     0x8  system_stm32f4xx.o [3]
  .text              ro code   0x800'16b8     0x4  startup_stm32f401xe.o [1]
  .text              ro code   0x800'16bc     0x4  startup_stm32f401xe.o [1]
  .text              ro code   0x800'16c0     0x4  startup_stm32f401xe.o [1]
  .text              ro code   0x800'16c4     0x4  startup_stm32f401xe.o [1]
  .text              ro code   0x800'16c8     0x4  startup_stm32f401xe.o [1]
  .text              ro code   0x800'16cc     0x4  startup_stm32f401xe.o [1]
  .text              ro code   0x800'16d0     0x4  startup_stm32f401xe.o [1]
  .text              ro code   0x800'16d4     0x4  startup_stm32f401xe.o [1]
  .text              ro code   0x800'16d8     0x4  startup_stm32f401xe.o [1]
  .text              ro code   0x800'16dc     0x4  startup_stm32f401xe.o [1]
  .text              ro code   0x800'16e0     0x4  startup_stm32f401xe.o [1]
  .text              ro code   0x800'16e4     0x4  startup_stm32f401xe.o [1]
  .text              ro code   0x800'16e8     0x4  startup_stm32f401xe.o [1]
  .text              ro code   0x800'16ec     0x4  startup_stm32f401xe.o [1]
  .text              ro code   0x800'16f0     0x4  startup_stm32f401xe.o [1]
  .text              ro code   0x800'16f4     0x4  startup_stm32f401xe.o [1]
  .text              ro code   0x800'16f8     0x4  startup_stm32f401xe.o [1]
  .text              ro code   0x800'16fc     0x4  startup_stm32f401xe.o [1]
  .text              ro code   0x800'1700     0x4  startup_stm32f401xe.o [1]
  .text              ro code   0x800'1704     0x4  startup_stm32f401xe.o [1]
  .text              ro code   0x800'1708     0x4  startup_stm32f401xe.o [1]
  .text              ro code   0x800'170c     0x4  startup_stm32f401xe.o [1]
  .text              ro code   0x800'1710     0x4  startup_stm32f401xe.o [1]
  .text              ro code   0x800'1714     0x4  startup_stm32f401xe.o [1]
  .text              ro code   0x800'1718     0x4  startup_stm32f401xe.o [1]
  .text              ro code   0x800'171c     0x4  startup_stm32f401xe.o [1]
  .text              ro code   0x800'1720     0x4  startup_stm32f401xe.o [1]
  .text              ro code   0x800'1724     0x4  startup_stm32f401xe.o [1]
  .text              ro code   0x800'1728     0x4  startup_stm32f401xe.o [1]
  .text              ro code   0x800'172c     0x4  startup_stm32f401xe.o [1]
  .text              ro code   0x800'1730     0x4  startup_stm32f401xe.o [1]
  .text              ro code   0x800'1734     0x4  startup_stm32f401xe.o [1]
  .text              ro code   0x800'1738     0x4  startup_stm32f401xe.o [1]
  .text              ro code   0x800'173c     0x4  startup_stm32f401xe.o [1]
  .text              ro code   0x800'1740     0x4  startup_stm32f401xe.o [1]
  .text              ro code   0x800'1744     0x4  startup_stm32f401xe.o [1]
  .text              ro code   0x800'1748     0x4  startup_stm32f401xe.o [1]
  .text              ro code   0x800'174c     0x4  startup_stm32f401xe.o [1]
  .text              ro code   0x800'1750     0x4  startup_stm32f401xe.o [1]
  .text              ro code   0x800'1754     0x4  startup_stm32f401xe.o [1]
  .text              ro code   0x800'1758     0x4  startup_stm32f401xe.o [1]
  .text              ro code   0x800'175c     0x4  startup_stm32f401xe.o [1]
  .text              ro code   0x800'1760     0x4  startup_stm32f401xe.o [1]
  .text              ro code   0x800'1764     0x4  startup_stm32f401xe.o [1]
  .text              ro code   0x800'1768     0x4  startup_stm32f401xe.o [1]
  .text              ro code   0x800'176c     0x4  startup_stm32f401xe.o [1]
  .text              ro code   0x800'1770     0x4  startup_stm32f401xe.o [1]
  .text              ro code   0x800'1774     0x4  startup_stm32f401xe.o [1]
  .text              ro code   0x800'1778     0x4  startup_stm32f401xe.o [1]
  .text              ro code   0x800'177c     0x4  startup_stm32f401xe.o [1]
  .text              ro code   0x800'1780     0x4  startup_stm32f401xe.o [1]
  .text              ro code   0x800'1784     0x4  startup_stm32f401xe.o [1]
  .text              ro code   0x800'1788     0x4  startup_stm32f401xe.o [1]
  .text              ro code   0x800'178c     0x4  startup_stm32f401xe.o [1]
  .text              ro code   0x800'1790     0x4  startup_stm32f401xe.o [1]
  .text              ro code   0x800'1794     0x4  startup_stm32f401xe.o [1]
  .rodata            const     0x800'1798     0x0  zero_init3.o [7]
  .rodata            const     0x800'1798     0x0  copy_init3.o [7]
                             - 0x800'1798  0x1604

"P2", part 1 of 3:                           0x10
  P2-1                        0x2000'0000    0x10  <Init block>
    .data            inited   0x2000'0000     0xc  stm32f4xx_hal.o [4]
    .data            inited   0x2000'000c     0x4  system_stm32f4xx.o [3]
                            - 0x2000'0010    0x10

"P2", part 2 of 3:                           0x8c
  .bss               zero     0x2000'0010    0x8c  main.o [2]
                            - 0x2000'009c    0x8c

"P2", part 3 of 3:                          0x400
  CSTACK                      0x2000'00a0   0x400  <Block>
    CSTACK           uninit   0x2000'00a0   0x400  <Block tail>
                            - 0x2000'04a0   0x400

Unused ranges:

         From           To      Size
         ----           --      ----
   0x800'1798   0x807'ffff  0x7'e868
  0x2000'009c  0x2000'009f       0x4
  0x2000'04a0  0x2001'7fff  0x1'7b60


*******************************************************************************
*** INIT TABLE
***

          Address      Size
          -------      ----
Zero (__iar_zero_init3)
    1 destination range, total size 0x8c:
          0x2000'0010  0x8c

Copy (__iar_copy_init3)
    1 source range, total size 0x10:
           0x800'16a0  0x10
    1 destination range, total size 0x10:
          0x2000'0000  0x10



*******************************************************************************
*** MODULE SUMMARY
***

    Module                  ro code  ro data  rw data
    ------                  -------  -------  -------
command line/config:
    -------------------------------------------------
    Total:

C:\Users\Jin\Programme\univ\mela\Kadai08\EWARM\Kadai08\Obj\Application\EWARM: [1]
    startup_stm32f401xe.o       644
    -------------------------------------------------
    Total:                      644

C:\Users\Jin\Programme\univ\mela\Kadai08\EWARM\Kadai08\Obj\Application\User: [2]
    main.o                      558               140
    stm32f4xx_hal_msp.o         272
    stm32f4xx_it.o               20
    -------------------------------------------------
    Total:                      850               140

C:\Users\Jin\Programme\univ\mela\Kadai08\EWARM\Kadai08\Obj\Drivers\CMSIS: [3]
    system_stm32f4xx.o           32       12        4
    -------------------------------------------------
    Total:                       32       12        4

C:\Users\Jin\Programme\univ\mela\Kadai08\EWARM\Kadai08\Obj\Drivers\STM32F4xx_HAL_Driver: [4]
    stm32f4xx_hal.o             184       12       12
    stm32f4xx_hal_cortex.o      172
    stm32f4xx_hal_gpio.o        452
    stm32f4xx_hal_rcc.o       1'224
    stm32f4xx_hal_tim.o       1'312
    stm32f4xx_hal_tim_ex.o      120
    stm32f4xx_hal_uart.o        320
    -------------------------------------------------
    Total:                    3'784       12       12

dl7M_tln.a: [5]
    exit.o                        4
    low_level_init.o              4
    -------------------------------------------------
    Total:                        8

m7M_tls.a: [6]
    fpinit_M.o                   34
    -------------------------------------------------
    Total:                       34

rt7M_tl.a: [7]
    ABImemset.o                 102
    I64DivMod_small.o           262
    I64DivZer.o                   2
    cexit.o                      10
    cmain.o                      30
    copy_init3.o                 42
    cstartup_M.o                 28
    data_init.o                  40
    memset.o                     20
    zero_init3.o                 56
    -------------------------------------------------
    Total:                      592

shb_l.a: [8]
    exit.o                       20
    -------------------------------------------------
    Total:                       20

    Gaps                         14        2
    Linker created                        36    1'024
-----------------------------------------------------
    Grand Total:              5'978       62    1'180


*******************************************************************************
*** ENTRY LIST
***

Entry                       Address   Size  Type      Object
-----                       -------   ----  ----      ------
.iar.init_table$$Base    0x800'15c4          --   Gb  - Linker created -
.iar.init_table$$Limit   0x800'15e8          --   Gb  - Linker created -
?main                    0x800'1609         Code  Gb  cmain.o [7]
AHBPrescTable            0x800'15f8   0x10  Data  Gb  system_stm32f4xx.o [3]
APBPrescTable            0x800'16b0    0x8  Data  Gb  system_stm32f4xx.o [3]
BusFault_Handler         0x800'1673    0x2  Code  Gb  stm32f4xx_it.o [2]
CSTACK$$Base            0x2000'00a0          --   Gb  - Linker created -
CSTACK$$Limit           0x2000'04a0          --   Gb  - Linker created -
DebugMon_Handler         0x800'1679    0x2  Code  Gb  stm32f4xx_it.o [2]
Error_Handler            0x800'102f    0x4  Code  Gb  main.o [2]
HAL_Delay                0x800'1221   0x28  Code  Gb  stm32f4xx_hal.o [4]
HAL_GPIO_Init            0x800'089d  0x1a2  Code  Gb  stm32f4xx_hal_gpio.o [4]
HAL_GetTick              0x800'0df9    0xc  Code  Gb  stm32f4xx_hal.o [4]
HAL_IncTick              0x800'1681   0x10  Code  Gb  stm32f4xx_hal.o [4]
HAL_Init                 0x800'1035   0x30  Code  Gb  stm32f4xx_hal.o [4]
HAL_InitTick             0x800'1395   0x40  Code  Gb  stm32f4xx_hal.o [4]
HAL_MspInit              0x800'06dd   0x38  Code  Gb  stm32f4xx_hal_msp.o [2]
HAL_NVIC_SetPriority     0x800'0825   0x3a  Code  Gb  stm32f4xx_hal_cortex.o [4]
HAL_NVIC_SetPriorityGrouping
                         0x800'080b   0x1a  Code  Gb  stm32f4xx_hal_cortex.o [4]
HAL_RCC_ClockConfig      0x800'1249  0x100  Code  Gb  stm32f4xx_hal_rcc.o [4]
HAL_RCC_GetPCLK1Freq     0x800'1355   0x10  Code  Gb  stm32f4xx_hal_rcc.o [4]
HAL_RCC_GetPCLK2Freq     0x800'1365    0xe  Code  Gb  stm32f4xx_hal_rcc.o [4]
HAL_RCC_GetSysClockFreq
                         0x800'14dd   0x60  Code  Gb  stm32f4xx_hal_rcc.o [4]
HAL_RCC_OscConfig        0x800'0add  0x31c  Code  Gb  stm32f4xx_hal_rcc.o [4]
HAL_SYSTICK_Config       0x800'085f   0x28  Code  Gb  stm32f4xx_hal_cortex.o [4]
HAL_TIMEx_MasterConfigSynchronization
                         0x800'1069   0x62  Code  Gb  stm32f4xx_hal_tim_ex.o [4]
HAL_TIM_Base_Init        0x800'0195   0x1a  Code  Gb  stm32f4xx_hal_tim.o [4]
HAL_TIM_Base_MspInit     0x800'0715   0x26  Code  Gb  stm32f4xx_hal_msp.o [2]
HAL_TIM_ConfigClockSource
                         0x800'03a3   0xaa  Code  Gb  stm32f4xx_hal_tim.o [4]
HAL_TIM_MspPostInit      0x800'073b   0x34  Code  Gb  stm32f4xx_hal_msp.o [2]
HAL_TIM_PWM_ConfigChannel
                         0x800'02df   0xb6  Code  Gb  stm32f4xx_hal_tim.o [4]
HAL_TIM_PWM_Init         0x800'01eb   0x1a  Code  Gb  stm32f4xx_hal_tim.o [4]
HAL_TIM_PWM_MspInit      0x800'07ed    0x2  Code  Gb  stm32f4xx_hal_tim.o [4]
HAL_TIM_PWM_Start        0x800'0205   0x82  Code  Gb  stm32f4xx_hal_tim.o [4]
HAL_UART_Init            0x800'10e1   0x1e  Code  Gb  stm32f4xx_hal_uart.o [4]
HAL_UART_MspInit         0x800'076f   0x48  Code  Gb  stm32f4xx_hal_msp.o [2]
HardFault_Handler        0x800'166f    0x2  Code  Gb  stm32f4xx_it.o [2]
MemManage_Handler        0x800'1671    0x2  Code  Gb  stm32f4xx_it.o [2]
NMI_Handler              0x800'166d    0x2  Code  Gb  stm32f4xx_it.o [2]
PendSV_Handler           0x800'167b    0x2  Code  Gb  stm32f4xx_it.o [2]
Region$$Table$$Base      0x800'15c4          --   Gb  - Linker created -
Region$$Table$$Limit     0x800'15e8          --   Gb  - Linker created -
SVC_Handler              0x800'1677    0x2  Code  Gb  stm32f4xx_it.o [2]
SysTick_Handler          0x800'167d    0x4  Code  Gb  stm32f4xx_it.o [2]
SystemClock_Config       0x800'0f6b   0x9e  Code  Gb  main.o [2]
SystemCoreClock         0x2000'000c    0x4  Data  Gb  system_stm32f4xx.o [3]
SystemInit               0x800'15e9    0xc  Code  Gb  system_stm32f4xx.o [3]
TIM_Base_SetConfig       0x800'0467   0x7a  Code  Gb  stm32f4xx_hal_tim.o [4]
TIM_CCxChannelCmd        0x800'0697   0x16  Code  Gb  stm32f4xx_hal_tim.o [4]
TIM_ETR_SetConfig        0x800'0683   0x14  Code  Gb  stm32f4xx_hal_tim.o [4]
TIM_ITRx_SetConfig       0x800'0673   0x10  Code  Lc  stm32f4xx_hal_tim.o [4]
TIM_OC1_SetConfig        0x800'04e1   0x4a  Code  Lc  stm32f4xx_hal_tim.o [4]
TIM_OC2_SetConfig        0x800'052b   0x52  Code  Gb  stm32f4xx_hal_tim.o [4]
TIM_OC3_SetConfig        0x800'057d   0x50  Code  Lc  stm32f4xx_hal_tim.o [4]
TIM_OC4_SetConfig        0x800'05cd   0x40  Code  Lc  stm32f4xx_hal_tim.o [4]
TIM_TI1_ConfigInputStage
                         0x800'0631   0x1e  Code  Lc  stm32f4xx_hal_tim.o [4]
TIM_TI2_ConfigInputStage
                         0x800'064f   0x24  Code  Lc  stm32f4xx_hal_tim.o [4]
UART_SetConfig           0x800'1157   0xb0  Code  Lc  stm32f4xx_hal_uart.o [4]
UsageFault_Handler       0x800'1675    0x2  Code  Gb  stm32f4xx_it.o [2]
__NVIC_SetPriority       0x800'07f1   0x1a  Code  Lc  stm32f4xx_hal_cortex.o [4]
__aeabi_ldiv0            0x800'153d         Code  Gb  I64DivZer.o [7]
__aeabi_memset           0x800'0a75         Code  Gb  ABImemset.o [7]
__cmain                  0x800'1609         Code  Gb  cmain.o [7]
__exit                   0x800'163d   0x14  Code  Gb  exit.o [8]
__iar_Memset             0x800'0a75         Code  Gb  ABImemset.o [7]
__iar_Memset_word        0x800'0a7d         Code  Gb  ABImemset.o [7]
__iar_copy_init3         0x800'06b3   0x2a  Code  Gb  copy_init3.o [7]
__iar_data_init3         0x800'1579   0x28  Code  Gb  data_init.o [7]
__iar_init_vfp           0x800'15a1         Code  Gb  fpinit_M.o [6]
__iar_program_start      0x800'1651         Code  Gb  cstartup_M.o [7]
__iar_small_uldivmod     0x800'13d5         Code  Gb  I64DivMod_small.o [7]
__iar_zero_init3         0x800'153f   0x38  Code  Gb  zero_init3.o [7]
__low_level_init         0x800'1627    0x4  Code  Gb  low_level_init.o [5]
__vector_table           0x800'0000         Data  Gb  startup_stm32f401xe.o [1]
_call_main               0x800'1615         Code  Gb  cmain.o [7]
_exit                    0x800'1631         Code  Gb  cexit.o [7]
exit                     0x800'162b    0x4  Code  Gb  exit.o [5]
htim2                   0x2000'0054   0x48  Data  Gb  main.o [2]
huart2                  0x2000'0010   0x44  Data  Gb  main.o [2]
main                     0x800'0e05  0x166  Code  Gb  main.o [2]
memset                   0x800'0a61   0x14  Code  Gb  memset.o [7]
uwTick                  0x2000'0004    0x4  Data  Gb  stm32f4xx_hal.o [4]
uwTickFreq              0x2000'0000    0x1  Data  Gb  stm32f4xx_hal.o [4]
uwTickPrio              0x2000'0008    0x4  Data  Gb  stm32f4xx_hal.o [4]


[1] = C:\Users\Jin\Programme\univ\mela\Kadai08\EWARM\Kadai08\Obj\Application\EWARM
[2] = C:\Users\Jin\Programme\univ\mela\Kadai08\EWARM\Kadai08\Obj\Application\User
[3] = C:\Users\Jin\Programme\univ\mela\Kadai08\EWARM\Kadai08\Obj\Drivers\CMSIS
[4] = C:\Users\Jin\Programme\univ\mela\Kadai08\EWARM\Kadai08\Obj\Drivers\STM32F4xx_HAL_Driver
[5] = dl7M_tln.a
[6] = m7M_tls.a
[7] = rt7M_tl.a
[8] = shb_l.a

  5'978 bytes of readonly  code memory
     62 bytes of readonly  data memory
  1'180 bytes of readwrite data memory

Errors: none
Warnings: none
