###############################################################################
#
# IAR ELF Linker V9.10.2.313/W64 for ARM                  25/Jan/2022  09:44:43
# Copyright 2007-2021 IAR Systems AB.
#
#    Output file  =
#        C:\Users\Jin\Programme\univ\mela\Kadai10\EWARM\Kadai10\Exe\Kadai10.out
#    Map file     =
#        C:\Users\Jin\Programme\univ\mela\Kadai10\EWARM\Kadai10\List\Kadai10.map
#    Command line =
#        -f
#        C:\Users\Jin\Programme\univ\mela\Kadai10\EWARM\Kadai10\Exe\Kadai10.out.rsp
#        (C:\Users\Jin\Programme\univ\mela\Kadai10\EWARM\Kadai10\Obj\Application\User\main.o
#        C:\Users\Jin\Programme\univ\mela\Kadai10\EWARM\Kadai10\Obj\Application\EWARM\startup_stm32f401xe.o
#        C:\Users\Jin\Programme\univ\mela\Kadai10\EWARM\Kadai10\Obj\Drivers\STM32F4xx_HAL_Driver\stm32f4xx_hal.o
#        C:\Users\Jin\Programme\univ\mela\Kadai10\EWARM\Kadai10\Obj\Drivers\STM32F4xx_HAL_Driver\stm32f4xx_hal_adc.o
#        C:\Users\Jin\Programme\univ\mela\Kadai10\EWARM\Kadai10\Obj\Drivers\STM32F4xx_HAL_Driver\stm32f4xx_hal_adc_ex.o
#        C:\Users\Jin\Programme\univ\mela\Kadai10\EWARM\Kadai10\Obj\Drivers\STM32F4xx_HAL_Driver\stm32f4xx_hal_cortex.o
#        C:\Users\Jin\Programme\univ\mela\Kadai10\EWARM\Kadai10\Obj\Drivers\STM32F4xx_HAL_Driver\stm32f4xx_hal_dma.o
#        C:\Users\Jin\Programme\univ\mela\Kadai10\EWARM\Kadai10\Obj\Drivers\STM32F4xx_HAL_Driver\stm32f4xx_hal_dma_ex.o
#        C:\Users\Jin\Programme\univ\mela\Kadai10\EWARM\Kadai10\Obj\Drivers\STM32F4xx_HAL_Driver\stm32f4xx_hal_exti.o
#        C:\Users\Jin\Programme\univ\mela\Kadai10\EWARM\Kadai10\Obj\Drivers\STM32F4xx_HAL_Driver\stm32f4xx_hal_flash.o
#        C:\Users\Jin\Programme\univ\mela\Kadai10\EWARM\Kadai10\Obj\Drivers\STM32F4xx_HAL_Driver\stm32f4xx_hal_flash_ex.o
#        C:\Users\Jin\Programme\univ\mela\Kadai10\EWARM\Kadai10\Obj\Drivers\STM32F4xx_HAL_Driver\stm32f4xx_hal_flash_ramfunc.o
#        C:\Users\Jin\Programme\univ\mela\Kadai10\EWARM\Kadai10\Obj\Drivers\STM32F4xx_HAL_Driver\stm32f4xx_hal_gpio.o
#        C:\Users\Jin\Programme\univ\mela\Kadai10\EWARM\Kadai10\Obj\Application\User\stm32f4xx_hal_msp.o
#        C:\Users\Jin\Programme\univ\mela\Kadai10\EWARM\Kadai10\Obj\Drivers\STM32F4xx_HAL_Driver\stm32f4xx_hal_pwr.o
#        C:\Users\Jin\Programme\univ\mela\Kadai10\EWARM\Kadai10\Obj\Drivers\STM32F4xx_HAL_Driver\stm32f4xx_hal_pwr_ex.o
#        C:\Users\Jin\Programme\univ\mela\Kadai10\EWARM\Kadai10\Obj\Drivers\STM32F4xx_HAL_Driver\stm32f4xx_hal_rcc.o
#        C:\Users\Jin\Programme\univ\mela\Kadai10\EWARM\Kadai10\Obj\Drivers\STM32F4xx_HAL_Driver\stm32f4xx_hal_rcc_ex.o
#        C:\Users\Jin\Programme\univ\mela\Kadai10\EWARM\Kadai10\Obj\Drivers\STM32F4xx_HAL_Driver\stm32f4xx_hal_tim.o
#        C:\Users\Jin\Programme\univ\mela\Kadai10\EWARM\Kadai10\Obj\Drivers\STM32F4xx_HAL_Driver\stm32f4xx_hal_tim_ex.o
#        C:\Users\Jin\Programme\univ\mela\Kadai10\EWARM\Kadai10\Obj\Drivers\STM32F4xx_HAL_Driver\stm32f4xx_hal_uart.o
#        C:\Users\Jin\Programme\univ\mela\Kadai10\EWARM\Kadai10\Obj\Application\User\stm32f4xx_it.o
#        C:\Users\Jin\Programme\univ\mela\Kadai10\EWARM\Kadai10\Obj\Drivers\STM32F4xx_HAL_Driver\stm32f4xx_ll_adc.o
#        C:\Users\Jin\Programme\univ\mela\Kadai10\EWARM\Kadai10\Obj\Drivers\CMSIS\system_stm32f4xx.o
#        --no_out_extension -o
#        C:\Users\Jin\Programme\univ\mela\Kadai10\EWARM\Kadai10\Exe\Kadai10.out
#        --redirect _Printf=_PrintfFullNoMb --redirect _Scanf=_ScanfFullNoMb
#        --map
#        C:\Users\Jin\Programme\univ\mela\Kadai10\EWARM\Kadai10\List\Kadai10.map
#        --config
#        C:\Users\Jin\Programme\univ\mela\Kadai10\EWARM/stm32f401xe_flash.icf
#        --semihosting --entry __iar_program_start --vfe --text_out locale)
#
###############################################################################

*******************************************************************************
*** RUNTIME MODEL ATTRIBUTES
***

CppFlavor       = *
__SystemLibrary = DLib
__dlib_version  = 6


*******************************************************************************
*** HEAP SELECTION
***

The basic heap was selected because some modules are built with
size limitations (and not runtime checking), and --advanced_heap
was not specified.


*******************************************************************************
*** PLACEMENT SUMMARY
***

"A0":  place at address 0x800'0000 { ro section .intvec };
"P1":  place in [from 0x800'0000 to 0x807'ffff] { ro };
define block CSTACK with size = 1K, alignment = 8 { };
define block HEAP with size = 512, alignment = 8 { };
"P2":  place in [from 0x2000'0000 to 0x2001'7fff] {
          rw, block CSTACK, block HEAP };
initialize by copy { rw };

  Section            Kind         Address    Size  Object
  -------            ----         -------    ----  ------
"A0":                                       0x194
  .intvec            ro code   0x800'0000   0x194  startup_stm32f401xe.o [1]
                             - 0x800'0194   0x194

"P1":                                      0x1d60
  .text              ro code   0x800'0194   0x64c  stm32f4xx_hal_adc.o [4]
  .text              ro code   0x800'07e0   0x174  stm32f4xx_hal_msp.o [2]
  .text              ro code   0x800'0954     0xc  stm32f4xx_hal.o [4]
  .text              ro code   0x800'0960   0x2ba  main.o [2]
  .text              ro code   0x800'0c1a     0x2  stm32f4xx_hal_adc_ex.o [4]
  .text              ro code   0x800'0c1c     0x2  stm32f4xx_hal_adc.o [4]
  .text              ro code   0x800'0c1e     0x2  stm32f4xx_hal_adc.o [4]
  .text              ro code   0x800'0c20    0xc4  stm32f4xx_hal_cortex.o [4]
  .text              ro code   0x800'0ce4   0x1c4  stm32f4xx_hal_gpio.o [4]
  .text              ro code   0x800'0ea8    0x14  memset.o [7]
  .text              ro code   0x800'0ebc    0x34  stm32f4xx_hal.o [4]
  .text              ro code   0x800'0ef0   0x140  stm32f4xx_hal_uart.o [4]
  .text              ro code   0x800'1030   0x51e  stm32f4xx_hal_tim.o [4]
  .text              ro code   0x800'154e    0x2a  copy_init3.o [7]
  .text              ro code   0x800'1578    0x78  stm32f4xx_hal_tim_ex.o [4]
  .text              ro code   0x800'15f0    0x28  stm32f4xx_hal.o [4]
  .text              ro code   0x800'1618   0x31c  stm32f4xx_hal_rcc.o [4]
  .text              ro code   0x800'1934   0x14c  stm32f4xx_hal_rcc.o [4]
  .text              ro code   0x800'1a80    0x66  ABImemset.o [7]
  .text              ro code   0x800'1ae8    0x40  stm32f4xx_hal.o [4]
  .text              ro code   0x800'1b28   0x106  I64DivMod_small.o [7]
  .text              ro code   0x800'1c2e     0x2  stm32f4xx_hal_tim.o [4]
  .text              ro code   0x800'1c30    0x60  stm32f4xx_hal_rcc.o [4]
  .text              ro code   0x800'1c90     0x2  I64DivZer.o [7]
  .text              ro code   0x800'1c92    0x38  zero_init3.o [7]
  .text              ro code   0x800'1ccc    0x28  data_init.o [7]
  .text              ro code   0x800'1cf4    0x22  fpinit_M.o [6]
  .iar.init_table    const     0x800'1d18    0x24  - Linker created -
  .text              ro code   0x800'1d3c    0x20  stm32f4xx_it.o [2]
  .text              ro code   0x800'1d5c    0x10  stm32f4xx_hal.o [4]
  .text              ro code   0x800'1d6c    0x20  system_stm32f4xx.o [3]
  .text              ro code   0x800'1d8c    0x1e  cmain.o [7]
  .text              ro code   0x800'1daa     0x4  low_level_init.o [5]
  .text              ro code   0x800'1dae     0x4  exit.o [5]
  .text              ro code   0x800'1db4     0xa  cexit.o [7]
  .text              ro code   0x800'1dc0    0x14  exit.o [8]
  .text              ro code   0x800'1dd4    0x1c  cstartup_M.o [7]
  .text              ro code   0x800'1df0    0x10  startup_stm32f401xe.o [1]
  Initializer bytes  const     0x800'1e00    0x10  <for P2-1>
  .rodata            const     0x800'1e10     0x8  system_stm32f4xx.o [3]
  .text              ro code   0x800'1e18     0x4  startup_stm32f401xe.o [1]
  .text              ro code   0x800'1e1c     0x4  startup_stm32f401xe.o [1]
  .text              ro code   0x800'1e20     0x4  startup_stm32f401xe.o [1]
  .text              ro code   0x800'1e24     0x4  startup_stm32f401xe.o [1]
  .text              ro code   0x800'1e28     0x4  startup_stm32f401xe.o [1]
  .text              ro code   0x800'1e2c     0x4  startup_stm32f401xe.o [1]
  .text              ro code   0x800'1e30     0x4  startup_stm32f401xe.o [1]
  .text              ro code   0x800'1e34     0x4  startup_stm32f401xe.o [1]
  .text              ro code   0x800'1e38     0x4  startup_stm32f401xe.o [1]
  .text              ro code   0x800'1e3c     0x4  startup_stm32f401xe.o [1]
  .text              ro code   0x800'1e40     0x4  startup_stm32f401xe.o [1]
  .text              ro code   0x800'1e44     0x4  startup_stm32f401xe.o [1]
  .text              ro code   0x800'1e48     0x4  startup_stm32f401xe.o [1]
  .text              ro code   0x800'1e4c     0x4  startup_stm32f401xe.o [1]
  .text              ro code   0x800'1e50     0x4  startup_stm32f401xe.o [1]
  .text              ro code   0x800'1e54     0x4  startup_stm32f401xe.o [1]
  .text              ro code   0x800'1e58     0x4  startup_stm32f401xe.o [1]
  .text              ro code   0x800'1e5c     0x4  startup_stm32f401xe.o [1]
  .text              ro code   0x800'1e60     0x4  startup_stm32f401xe.o [1]
  .text              ro code   0x800'1e64     0x4  startup_stm32f401xe.o [1]
  .text              ro code   0x800'1e68     0x4  startup_stm32f401xe.o [1]
  .text              ro code   0x800'1e6c     0x4  startup_stm32f401xe.o [1]
  .text              ro code   0x800'1e70     0x4  startup_stm32f401xe.o [1]
  .text              ro code   0x800'1e74     0x4  startup_stm32f401xe.o [1]
  .text              ro code   0x800'1e78     0x4  startup_stm32f401xe.o [1]
  .text              ro code   0x800'1e7c     0x4  startup_stm32f401xe.o [1]
  .text              ro code   0x800'1e80     0x4  startup_stm32f401xe.o [1]
  .text              ro code   0x800'1e84     0x4  startup_stm32f401xe.o [1]
  .text              ro code   0x800'1e88     0x4  startup_stm32f401xe.o [1]
  .text              ro code   0x800'1e8c     0x4  startup_stm32f401xe.o [1]
  .text              ro code   0x800'1e90     0x4  startup_stm32f401xe.o [1]
  .text              ro code   0x800'1e94     0x4  startup_stm32f401xe.o [1]
  .text              ro code   0x800'1e98     0x4  startup_stm32f401xe.o [1]
  .text              ro code   0x800'1e9c     0x4  startup_stm32f401xe.o [1]
  .text              ro code   0x800'1ea0     0x4  startup_stm32f401xe.o [1]
  .text              ro code   0x800'1ea4     0x4  startup_stm32f401xe.o [1]
  .text              ro code   0x800'1ea8     0x4  startup_stm32f401xe.o [1]
  .text              ro code   0x800'1eac     0x4  startup_stm32f401xe.o [1]
  .text              ro code   0x800'1eb0     0x4  startup_stm32f401xe.o [1]
  .text              ro code   0x800'1eb4     0x4  startup_stm32f401xe.o [1]
  .text              ro code   0x800'1eb8     0x4  startup_stm32f401xe.o [1]
  .text              ro code   0x800'1ebc     0x4  startup_stm32f401xe.o [1]
  .text              ro code   0x800'1ec0     0x4  startup_stm32f401xe.o [1]
  .text              ro code   0x800'1ec4     0x4  startup_stm32f401xe.o [1]
  .text              ro code   0x800'1ec8     0x4  startup_stm32f401xe.o [1]
  .text              ro code   0x800'1ecc     0x4  startup_stm32f401xe.o [1]
  .text              ro code   0x800'1ed0     0x4  startup_stm32f401xe.o [1]
  .text              ro code   0x800'1ed4     0x4  startup_stm32f401xe.o [1]
  .text              ro code   0x800'1ed8     0x4  startup_stm32f401xe.o [1]
  .text              ro code   0x800'1edc     0x4  startup_stm32f401xe.o [1]
  .text              ro code   0x800'1ee0     0x4  startup_stm32f401xe.o [1]
  .text              ro code   0x800'1ee4     0x4  startup_stm32f401xe.o [1]
  .text              ro code   0x800'1ee8     0x4  startup_stm32f401xe.o [1]
  .text              ro code   0x800'1eec     0x4  startup_stm32f401xe.o [1]
  .text              ro code   0x800'1ef0     0x4  startup_stm32f401xe.o [1]
  .rodata            const     0x800'1ef4     0x0  zero_init3.o [7]
  .rodata            const     0x800'1ef4     0x0  copy_init3.o [7]
                             - 0x800'1ef4  0x1d60

"P2", part 1 of 3:                           0x10
  P2-1                        0x2000'0000    0x10  <Init block>
    .data            inited   0x2000'0000     0xc  stm32f4xx_hal.o [4]
    .data            inited   0x2000'000c     0x4  system_stm32f4xx.o [3]
                            - 0x2000'0010    0x10

"P2", part 2 of 3:                           0xd4
  .bss               zero     0x2000'0010    0x48  main.o [2]
  .bss               zero     0x2000'0058    0x48  main.o [2]
  .bss               zero     0x2000'00a0    0x44  main.o [2]
                            - 0x2000'00e4    0xd4

"P2", part 3 of 3:                          0x400
  CSTACK                      0x2000'00e8   0x400  <Block>
    CSTACK           uninit   0x2000'00e8   0x400  <Block tail>
                            - 0x2000'04e8   0x400

Unused ranges:

         From           To      Size
         ----           --      ----
   0x800'1ef4   0x807'ffff  0x7'e10c
  0x2000'00e4  0x2000'00e7       0x4
  0x2000'04e8  0x2001'7fff  0x1'7b18


*******************************************************************************
*** INIT TABLE
***

          Address      Size
          -------      ----
Zero (__iar_zero_init3)
    1 destination range, total size 0xd4:
          0x2000'0010  0xd4

Copy (__iar_copy_init3)
    1 source range, total size 0x10:
           0x800'1e00  0x10
    1 destination range, total size 0x10:
          0x2000'0000  0x10



*******************************************************************************
*** MODULE SUMMARY
***

    Module                  ro code  ro data  rw data
    ------                  -------  -------  -------
command line/config:
    -------------------------------------------------
    Total:

C:\Users\Jin\Programme\univ\mela\Kadai10\EWARM\Kadai10\Obj\Application\EWARM: [1]
    startup_stm32f401xe.o       640
    -------------------------------------------------
    Total:                      640

C:\Users\Jin\Programme\univ\mela\Kadai10\EWARM\Kadai10\Obj\Application\User: [2]
    main.o                      698               212
    stm32f4xx_hal_msp.o         372
    stm32f4xx_it.o               32
    -------------------------------------------------
    Total:                    1'102               212

C:\Users\Jin\Programme\univ\mela\Kadai10\EWARM\Kadai10\Obj\Drivers\CMSIS: [3]
    system_stm32f4xx.o           32       12        4
    -------------------------------------------------
    Total:                       32       12        4

C:\Users\Jin\Programme\univ\mela\Kadai10\EWARM\Kadai10\Obj\Drivers\STM32F4xx_HAL_Driver: [4]
    stm32f4xx_hal.o             184       12       12
    stm32f4xx_hal_adc.o       1'616
    stm32f4xx_hal_adc_ex.o        2
    stm32f4xx_hal_cortex.o      196
    stm32f4xx_hal_gpio.o        452
    stm32f4xx_hal_rcc.o       1'224
    stm32f4xx_hal_tim.o       1'312
    stm32f4xx_hal_tim_ex.o      120
    stm32f4xx_hal_uart.o        320
    -------------------------------------------------
    Total:                    5'426       12       12

dl7M_tln.a: [5]
    exit.o                        4
    low_level_init.o              4
    -------------------------------------------------
    Total:                        8

m7M_tls.a: [6]
    fpinit_M.o                   34
    -------------------------------------------------
    Total:                       34

rt7M_tl.a: [7]
    ABImemset.o                 102
    I64DivMod_small.o           262
    I64DivZer.o                   2
    cexit.o                      10
    cmain.o                      30
    copy_init3.o                 42
    cstartup_M.o                 28
    data_init.o                  40
    memset.o                     20
    zero_init3.o                 56
    -------------------------------------------------
    Total:                      592

shb_l.a: [8]
    exit.o                       20
    -------------------------------------------------
    Total:                       20

    Gaps                          8        2
    Linker created                        36    1'024
-----------------------------------------------------
    Grand Total:              7'862       62    1'252


*******************************************************************************
*** ENTRY LIST
***

Entry                       Address   Size  Type      Object
-----                       -------   ----  ----      ------
.iar.init_table$$Base    0x800'1d18          --   Gb  - Linker created -
.iar.init_table$$Limit   0x800'1d3c          --   Gb  - Linker created -
?main                    0x800'1d8d         Code  Gb  cmain.o [7]
ADC_IRQHandler           0x800'1d51    0x6  Code  Gb  stm32f4xx_it.o [2]
AHBPrescTable            0x800'1d7c   0x10  Data  Gb  system_stm32f4xx.o [3]
APBPrescTable            0x800'1e10    0x8  Data  Gb  system_stm32f4xx.o [3]
BusFault_Handler         0x800'1d43    0x2  Code  Gb  stm32f4xx_it.o [2]
CSTACK$$Base            0x2000'00e8          --   Gb  - Linker created -
CSTACK$$Limit           0x2000'04e8          --   Gb  - Linker created -
DebugMon_Handler         0x800'1d49    0x2  Code  Gb  stm32f4xx_it.o [2]
Error_Handler            0x800'0c17    0x4  Code  Gb  main.o [2]
HAL_ADCEx_InjectedConvCpltCallback
                         0x800'0c1b    0x2  Code  Gb  stm32f4xx_hal_adc_ex.o [4]
HAL_ADC_ConfigChannel    0x800'068b  0x110  Code  Gb  stm32f4xx_hal_adc.o [4]
HAL_ADC_ConvCpltCallback
                         0x800'0961   0x2a  Code  Gb  main.o [2]
HAL_ADC_ErrorCallback    0x800'0c1f    0x2  Code  Gb  stm32f4xx_hal_adc.o [4]
HAL_ADC_GetState         0x800'07dd    0x4  Code  Gb  stm32f4xx_hal_adc.o [4]
HAL_ADC_GetValue         0x800'0685    0x6  Code  Gb  stm32f4xx_hal_adc.o [4]
HAL_ADC_IRQHandler       0x800'054d  0x122  Code  Gb  stm32f4xx_hal_adc.o [4]
HAL_ADC_Init             0x800'0195  0x154  Code  Gb  stm32f4xx_hal_adc.o [4]
HAL_ADC_LevelOutOfWindowCallback
                         0x800'0c1d    0x2  Code  Gb  stm32f4xx_hal_adc.o [4]
HAL_ADC_MspInit          0x800'0819   0x62  Code  Gb  stm32f4xx_hal_msp.o [2]
HAL_ADC_PollForConversion
                         0x800'0393   0xa6  Code  Gb  stm32f4xx_hal_adc.o [4]
HAL_ADC_Start            0x800'02fd   0x60  Code  Gb  stm32f4xx_hal_adc.o [4]
HAL_ADC_Start_IT         0x800'0439   0x68  Code  Gb  stm32f4xx_hal_adc.o [4]
HAL_ADC_Stop             0x800'035d   0x36  Code  Gb  stm32f4xx_hal_adc.o [4]
HAL_Delay                0x800'15f1   0x28  Code  Gb  stm32f4xx_hal.o [4]
HAL_GPIO_Init            0x800'0ce5  0x1a2  Code  Gb  stm32f4xx_hal_gpio.o [4]
HAL_GetTick              0x800'0955    0xc  Code  Gb  stm32f4xx_hal.o [4]
HAL_IncTick              0x800'1d5d   0x10  Code  Gb  stm32f4xx_hal.o [4]
HAL_Init                 0x800'0ebd   0x30  Code  Gb  stm32f4xx_hal.o [4]
HAL_InitTick             0x800'1ae9   0x40  Code  Gb  stm32f4xx_hal.o [4]
HAL_MspInit              0x800'07e1   0x38  Code  Gb  stm32f4xx_hal_msp.o [2]
HAL_NVIC_EnableIRQ       0x800'0c8f   0x16  Code  Gb  stm32f4xx_hal_cortex.o [4]
HAL_NVIC_SetPriority     0x800'0c55   0x3a  Code  Gb  stm32f4xx_hal_cortex.o [4]
HAL_NVIC_SetPriorityGrouping
                         0x800'0c3b   0x1a  Code  Gb  stm32f4xx_hal_cortex.o [4]
HAL_RCC_ClockConfig      0x800'1935  0x100  Code  Gb  stm32f4xx_hal_rcc.o [4]
HAL_RCC_GetPCLK1Freq     0x800'1a41   0x10  Code  Gb  stm32f4xx_hal_rcc.o [4]
HAL_RCC_GetPCLK2Freq     0x800'1a51    0xe  Code  Gb  stm32f4xx_hal_rcc.o [4]
HAL_RCC_GetSysClockFreq
                         0x800'1c31   0x60  Code  Gb  stm32f4xx_hal_rcc.o [4]
HAL_RCC_OscConfig        0x800'1619  0x31c  Code  Gb  stm32f4xx_hal_rcc.o [4]
HAL_SYSTICK_Config       0x800'0ca5   0x28  Code  Gb  stm32f4xx_hal_cortex.o [4]
HAL_TIMEx_MasterConfigSynchronization
                         0x800'1579   0x62  Code  Gb  stm32f4xx_hal_tim_ex.o [4]
HAL_TIM_Base_Init        0x800'1031   0x1a  Code  Gb  stm32f4xx_hal_tim.o [4]
HAL_TIM_Base_MspInit     0x800'087b   0x26  Code  Gb  stm32f4xx_hal_msp.o [2]
HAL_TIM_ConfigClockSource
                         0x800'123f   0xaa  Code  Gb  stm32f4xx_hal_tim.o [4]
HAL_TIM_MspPostInit      0x800'08a1   0x30  Code  Gb  stm32f4xx_hal_msp.o [2]
HAL_TIM_PWM_ConfigChannel
                         0x800'117b   0xb6  Code  Gb  stm32f4xx_hal_tim.o [4]
HAL_TIM_PWM_Init         0x800'1087   0x1a  Code  Gb  stm32f4xx_hal_tim.o [4]
HAL_TIM_PWM_MspInit      0x800'1c2f    0x2  Code  Gb  stm32f4xx_hal_tim.o [4]
HAL_TIM_PWM_Start        0x800'10a1   0x82  Code  Gb  stm32f4xx_hal_tim.o [4]
HAL_UART_Init            0x800'0ef1   0x1e  Code  Gb  stm32f4xx_hal_uart.o [4]
HAL_UART_MspInit         0x800'08e5   0x44  Code  Gb  stm32f4xx_hal_msp.o [2]
HardFault_Handler        0x800'1d3f    0x2  Code  Gb  stm32f4xx_it.o [2]
MemManage_Handler        0x800'1d41    0x2  Code  Gb  stm32f4xx_it.o [2]
NMI_Handler              0x800'1d3d    0x2  Code  Gb  stm32f4xx_it.o [2]
PendSV_Handler           0x800'1d4b    0x2  Code  Gb  stm32f4xx_it.o [2]
Region$$Table$$Base      0x800'1d18          --   Gb  - Linker created -
Region$$Table$$Limit     0x800'1d3c          --   Gb  - Linker created -
SVC_Handler              0x800'1d47    0x2  Code  Gb  stm32f4xx_it.o [2]
SysTick_Handler          0x800'1d4d    0x4  Code  Gb  stm32f4xx_it.o [2]
SystemClock_Config       0x800'0b41   0x9e  Code  Gb  main.o [2]
SystemCoreClock         0x2000'000c    0x4  Data  Gb  system_stm32f4xx.o [3]
SystemInit               0x800'1d6d    0xc  Code  Gb  system_stm32f4xx.o [3]
TIM_Base_SetConfig       0x800'1303   0x7a  Code  Gb  stm32f4xx_hal_tim.o [4]
TIM_CCxChannelCmd        0x800'1533   0x16  Code  Gb  stm32f4xx_hal_tim.o [4]
TIM_ETR_SetConfig        0x800'151f   0x14  Code  Gb  stm32f4xx_hal_tim.o [4]
TIM_ITRx_SetConfig       0x800'150f   0x10  Code  Lc  stm32f4xx_hal_tim.o [4]
TIM_OC1_SetConfig        0x800'137d   0x4a  Code  Lc  stm32f4xx_hal_tim.o [4]
TIM_OC2_SetConfig        0x800'13c7   0x52  Code  Gb  stm32f4xx_hal_tim.o [4]
TIM_OC3_SetConfig        0x800'1419   0x50  Code  Lc  stm32f4xx_hal_tim.o [4]
TIM_OC4_SetConfig        0x800'1469   0x40  Code  Lc  stm32f4xx_hal_tim.o [4]
TIM_TI1_ConfigInputStage
                         0x800'14cd   0x1e  Code  Lc  stm32f4xx_hal_tim.o [4]
TIM_TI2_ConfigInputStage
                         0x800'14eb   0x24  Code  Lc  stm32f4xx_hal_tim.o [4]
UART_SetConfig           0x800'0f67   0xb0  Code  Lc  stm32f4xx_hal_uart.o [4]
UsageFault_Handler       0x800'1d45    0x2  Code  Gb  stm32f4xx_it.o [2]
__NVIC_SetPriority       0x800'0c21   0x1a  Code  Lc  stm32f4xx_hal_cortex.o [4]
__aeabi_ldiv0            0x800'1c91         Code  Gb  I64DivZer.o [7]
__aeabi_memset           0x800'1a81         Code  Gb  ABImemset.o [7]
__cmain                  0x800'1d8d         Code  Gb  cmain.o [7]
__exit                   0x800'1dc1   0x14  Code  Gb  exit.o [8]
__iar_Memset             0x800'1a81         Code  Gb  ABImemset.o [7]
__iar_Memset_word        0x800'1a89         Code  Gb  ABImemset.o [7]
__iar_copy_init3         0x800'154f   0x2a  Code  Gb  copy_init3.o [7]
__iar_data_init3         0x800'1ccd   0x28  Code  Gb  data_init.o [7]
__iar_init_vfp           0x800'1cf5         Code  Gb  fpinit_M.o [6]
__iar_program_start      0x800'1dd5         Code  Gb  cstartup_M.o [7]
__iar_small_uldivmod     0x800'1b29         Code  Gb  I64DivMod_small.o [7]
__iar_zero_init3         0x800'1c93   0x38  Code  Gb  zero_init3.o [7]
__low_level_init         0x800'1dab    0x4  Code  Gb  low_level_init.o [5]
__vector_table           0x800'0000         Data  Gb  startup_stm32f401xe.o [1]
_call_main               0x800'1d99         Code  Gb  cmain.o [7]
_exit                    0x800'1db5         Code  Gb  cexit.o [7]
exit                     0x800'1daf    0x4  Code  Gb  exit.o [5]
hadc1                   0x2000'0010   0x48  Data  Gb  main.o [2]
htim2                   0x2000'0058   0x48  Data  Gb  main.o [2]
huart2                  0x2000'00a0   0x44  Data  Gb  main.o [2]
main                     0x800'098b  0x1b6  Code  Gb  main.o [2]
memset                   0x800'0ea9   0x14  Code  Gb  memset.o [7]
uwTick                  0x2000'0004    0x4  Data  Gb  stm32f4xx_hal.o [4]
uwTickFreq              0x2000'0000    0x1  Data  Gb  stm32f4xx_hal.o [4]
uwTickPrio              0x2000'0008    0x4  Data  Gb  stm32f4xx_hal.o [4]


[1] = C:\Users\Jin\Programme\univ\mela\Kadai10\EWARM\Kadai10\Obj\Application\EWARM
[2] = C:\Users\Jin\Programme\univ\mela\Kadai10\EWARM\Kadai10\Obj\Application\User
[3] = C:\Users\Jin\Programme\univ\mela\Kadai10\EWARM\Kadai10\Obj\Drivers\CMSIS
[4] = C:\Users\Jin\Programme\univ\mela\Kadai10\EWARM\Kadai10\Obj\Drivers\STM32F4xx_HAL_Driver
[5] = dl7M_tln.a
[6] = m7M_tls.a
[7] = rt7M_tl.a
[8] = shb_l.a

  7'862 bytes of readonly  code memory
     62 bytes of readonly  data memory
  1'252 bytes of readwrite data memory

Errors: none
Warnings: none
