###############################################################################
#
# IAR ELF Linker V9.10.2.313/W64 for ARM                  19/Oct/2021  11:34:36
# Copyright 2007-2021 IAR Systems AB.
#
#    Output file  =
#        C:\Users\Jin\Programme\univ\mela\Kadai10\EWARM\Kadai10\Exe\Kadai10.out
#    Map file     =
#        C:\Users\Jin\Programme\univ\mela\Kadai10\EWARM\Kadai10\List\Kadai10.map
#    Command line =
#        -f
#        C:\Users\Jin\Programme\univ\mela\Kadai10\EWARM\Kadai10\Exe\Kadai10.out.rsp
#        (C:\Users\Jin\Programme\univ\mela\Kadai10\EWARM\Kadai10\Obj\Application\User\main.o
#        C:\Users\Jin\Programme\univ\mela\Kadai10\EWARM\Kadai10\Obj\Application\EWARM\startup_stm32f401xe.o
#        C:\Users\Jin\Programme\univ\mela\Kadai10\EWARM\Kadai10\Obj\Drivers\STM32F4xx_HAL_Driver\stm32f4xx_hal.o
#        C:\Users\Jin\Programme\univ\mela\Kadai10\EWARM\Kadai10\Obj\Drivers\STM32F4xx_HAL_Driver\stm32f4xx_hal_adc.o
#        C:\Users\Jin\Programme\univ\mela\Kadai10\EWARM\Kadai10\Obj\Drivers\STM32F4xx_HAL_Driver\stm32f4xx_hal_adc_ex.o
#        C:\Users\Jin\Programme\univ\mela\Kadai10\EWARM\Kadai10\Obj\Drivers\STM32F4xx_HAL_Driver\stm32f4xx_hal_cortex.o
#        C:\Users\Jin\Programme\univ\mela\Kadai10\EWARM\Kadai10\Obj\Drivers\STM32F4xx_HAL_Driver\stm32f4xx_hal_dma.o
#        C:\Users\Jin\Programme\univ\mela\Kadai10\EWARM\Kadai10\Obj\Drivers\STM32F4xx_HAL_Driver\stm32f4xx_hal_dma_ex.o
#        C:\Users\Jin\Programme\univ\mela\Kadai10\EWARM\Kadai10\Obj\Drivers\STM32F4xx_HAL_Driver\stm32f4xx_hal_exti.o
#        C:\Users\Jin\Programme\univ\mela\Kadai10\EWARM\Kadai10\Obj\Drivers\STM32F4xx_HAL_Driver\stm32f4xx_hal_flash.o
#        C:\Users\Jin\Programme\univ\mela\Kadai10\EWARM\Kadai10\Obj\Drivers\STM32F4xx_HAL_Driver\stm32f4xx_hal_flash_ex.o
#        C:\Users\Jin\Programme\univ\mela\Kadai10\EWARM\Kadai10\Obj\Drivers\STM32F4xx_HAL_Driver\stm32f4xx_hal_flash_ramfunc.o
#        C:\Users\Jin\Programme\univ\mela\Kadai10\EWARM\Kadai10\Obj\Drivers\STM32F4xx_HAL_Driver\stm32f4xx_hal_gpio.o
#        C:\Users\Jin\Programme\univ\mela\Kadai10\EWARM\Kadai10\Obj\Application\User\stm32f4xx_hal_msp.o
#        C:\Users\Jin\Programme\univ\mela\Kadai10\EWARM\Kadai10\Obj\Drivers\STM32F4xx_HAL_Driver\stm32f4xx_hal_pwr.o
#        C:\Users\Jin\Programme\univ\mela\Kadai10\EWARM\Kadai10\Obj\Drivers\STM32F4xx_HAL_Driver\stm32f4xx_hal_pwr_ex.o
#        C:\Users\Jin\Programme\univ\mela\Kadai10\EWARM\Kadai10\Obj\Drivers\STM32F4xx_HAL_Driver\stm32f4xx_hal_rcc.o
#        C:\Users\Jin\Programme\univ\mela\Kadai10\EWARM\Kadai10\Obj\Drivers\STM32F4xx_HAL_Driver\stm32f4xx_hal_rcc_ex.o
#        C:\Users\Jin\Programme\univ\mela\Kadai10\EWARM\Kadai10\Obj\Drivers\STM32F4xx_HAL_Driver\stm32f4xx_hal_tim.o
#        C:\Users\Jin\Programme\univ\mela\Kadai10\EWARM\Kadai10\Obj\Drivers\STM32F4xx_HAL_Driver\stm32f4xx_hal_tim_ex.o
#        C:\Users\Jin\Programme\univ\mela\Kadai10\EWARM\Kadai10\Obj\Drivers\STM32F4xx_HAL_Driver\stm32f4xx_hal_uart.o
#        C:\Users\Jin\Programme\univ\mela\Kadai10\EWARM\Kadai10\Obj\Application\User\stm32f4xx_it.o
#        C:\Users\Jin\Programme\univ\mela\Kadai10\EWARM\Kadai10\Obj\Drivers\STM32F4xx_HAL_Driver\stm32f4xx_ll_adc.o
#        C:\Users\Jin\Programme\univ\mela\Kadai10\EWARM\Kadai10\Obj\Drivers\CMSIS\system_stm32f4xx.o
#        --no_out_extension -o
#        C:\Users\Jin\Programme\univ\mela\Kadai10\EWARM\Kadai10\Exe\Kadai10.out
#        --redirect _Printf=_PrintfFullNoMb --redirect _Scanf=_ScanfFullNoMb
#        --map
#        C:\Users\Jin\Programme\univ\mela\Kadai10\EWARM\Kadai10\List\Kadai10.map
#        --config
#        C:\Users\Jin\Programme\univ\mela\Kadai10\EWARM/stm32f401xe_flash.icf
#        --semihosting --entry __iar_program_start --vfe --text_out locale)
#
###############################################################################

*******************************************************************************
*** RUNTIME MODEL ATTRIBUTES
***

CppFlavor       = *
__SystemLibrary = DLib
__dlib_version  = 6


*******************************************************************************
*** HEAP SELECTION
***

The basic heap was selected because some modules are built with
size limitations (and not runtime checking), and --advanced_heap
was not specified.


*******************************************************************************
*** PLACEMENT SUMMARY
***

"A0":  place at address 0x800'0000 { ro section .intvec };
"P1":  place in [from 0x800'0000 to 0x807'ffff] { ro };
define block CSTACK with size = 1K, alignment = 8 { };
define block HEAP with size = 512, alignment = 8 { };
"P2":  place in [from 0x2000'0000 to 0x2001'7fff] {
          rw, block CSTACK, block HEAP };
initialize by copy { rw };

  Section            Kind         Address    Size  Object
  -------            ----         -------    ----  ------
"A0":                                       0x194
  .intvec            ro code   0x800'0000   0x194  startup_stm32f401xe.o [1]
                             - 0x800'0194   0x194

"P1":                                      0x1cdc
  .text              ro code   0x800'0194   0x5d8  stm32f4xx_hal_adc.o [4]
  .text              ro code   0x800'076c   0x174  stm32f4xx_hal_msp.o [2]
  .text              ro code   0x800'08e0     0xc  stm32f4xx_hal.o [4]
  .text              ro code   0x800'08ec   0x2aa  main.o [2]
  .text              ro code   0x800'0b96     0x2  stm32f4xx_hal_adc_ex.o [4]
  .text              ro code   0x800'0b98     0x2  stm32f4xx_hal_adc.o [4]
  .text              ro code   0x800'0b9a     0x2  stm32f4xx_hal_adc.o [4]
  .text              ro code   0x800'0b9c    0xc4  stm32f4xx_hal_cortex.o [4]
  .text              ro code   0x800'0c60   0x1c4  stm32f4xx_hal_gpio.o [4]
  .text              ro code   0x800'0e24    0x14  memset.o [7]
  .text              ro code   0x800'0e38    0x28  stm32f4xx_hal.o [4]
  .text              ro code   0x800'0e60    0x34  stm32f4xx_hal.o [4]
  .text              ro code   0x800'0e94   0x140  stm32f4xx_hal_uart.o [4]
  .text              ro code   0x800'0fd4   0x51e  stm32f4xx_hal_tim.o [4]
  .text              ro code   0x800'14f2    0x2a  copy_init3.o [7]
  .text              ro code   0x800'151c    0x78  stm32f4xx_hal_tim_ex.o [4]
  .text              ro code   0x800'1594   0x31c  stm32f4xx_hal_rcc.o [4]
  .text              ro code   0x800'18b0   0x14c  stm32f4xx_hal_rcc.o [4]
  .text              ro code   0x800'19fc    0x66  ABImemset.o [7]
  .text              ro code   0x800'1a64    0x40  stm32f4xx_hal.o [4]
  .text              ro code   0x800'1aa4   0x106  I64DivMod_small.o [7]
  .text              ro code   0x800'1baa     0x2  stm32f4xx_hal_tim.o [4]
  .text              ro code   0x800'1bac    0x60  stm32f4xx_hal_rcc.o [4]
  .text              ro code   0x800'1c0c     0x2  I64DivZer.o [7]
  .text              ro code   0x800'1c0e    0x38  zero_init3.o [7]
  .text              ro code   0x800'1c48    0x28  data_init.o [7]
  .text              ro code   0x800'1c70    0x22  fpinit_M.o [6]
  .iar.init_table    const     0x800'1c94    0x24  - Linker created -
  .text              ro code   0x800'1cb8    0x20  stm32f4xx_it.o [2]
  .text              ro code   0x800'1cd8    0x10  stm32f4xx_hal.o [4]
  .text              ro code   0x800'1ce8    0x20  system_stm32f4xx.o [3]
  .text              ro code   0x800'1d08    0x1e  cmain.o [7]
  .text              ro code   0x800'1d26     0x4  low_level_init.o [5]
  .text              ro code   0x800'1d2a     0x4  exit.o [5]
  .text              ro code   0x800'1d30     0xa  cexit.o [7]
  .text              ro code   0x800'1d3c    0x14  exit.o [8]
  .text              ro code   0x800'1d50    0x1c  cstartup_M.o [7]
  .text              ro code   0x800'1d6c    0x10  startup_stm32f401xe.o [1]
  Initializer bytes  const     0x800'1d7c    0x10  <for P2-1>
  .rodata            const     0x800'1d8c     0x8  system_stm32f4xx.o [3]
  .text              ro code   0x800'1d94     0x4  startup_stm32f401xe.o [1]
  .text              ro code   0x800'1d98     0x4  startup_stm32f401xe.o [1]
  .text              ro code   0x800'1d9c     0x4  startup_stm32f401xe.o [1]
  .text              ro code   0x800'1da0     0x4  startup_stm32f401xe.o [1]
  .text              ro code   0x800'1da4     0x4  startup_stm32f401xe.o [1]
  .text              ro code   0x800'1da8     0x4  startup_stm32f401xe.o [1]
  .text              ro code   0x800'1dac     0x4  startup_stm32f401xe.o [1]
  .text              ro code   0x800'1db0     0x4  startup_stm32f401xe.o [1]
  .text              ro code   0x800'1db4     0x4  startup_stm32f401xe.o [1]
  .text              ro code   0x800'1db8     0x4  startup_stm32f401xe.o [1]
  .text              ro code   0x800'1dbc     0x4  startup_stm32f401xe.o [1]
  .text              ro code   0x800'1dc0     0x4  startup_stm32f401xe.o [1]
  .text              ro code   0x800'1dc4     0x4  startup_stm32f401xe.o [1]
  .text              ro code   0x800'1dc8     0x4  startup_stm32f401xe.o [1]
  .text              ro code   0x800'1dcc     0x4  startup_stm32f401xe.o [1]
  .text              ro code   0x800'1dd0     0x4  startup_stm32f401xe.o [1]
  .text              ro code   0x800'1dd4     0x4  startup_stm32f401xe.o [1]
  .text              ro code   0x800'1dd8     0x4  startup_stm32f401xe.o [1]
  .text              ro code   0x800'1ddc     0x4  startup_stm32f401xe.o [1]
  .text              ro code   0x800'1de0     0x4  startup_stm32f401xe.o [1]
  .text              ro code   0x800'1de4     0x4  startup_stm32f401xe.o [1]
  .text              ro code   0x800'1de8     0x4  startup_stm32f401xe.o [1]
  .text              ro code   0x800'1dec     0x4  startup_stm32f401xe.o [1]
  .text              ro code   0x800'1df0     0x4  startup_stm32f401xe.o [1]
  .text              ro code   0x800'1df4     0x4  startup_stm32f401xe.o [1]
  .text              ro code   0x800'1df8     0x4  startup_stm32f401xe.o [1]
  .text              ro code   0x800'1dfc     0x4  startup_stm32f401xe.o [1]
  .text              ro code   0x800'1e00     0x4  startup_stm32f401xe.o [1]
  .text              ro code   0x800'1e04     0x4  startup_stm32f401xe.o [1]
  .text              ro code   0x800'1e08     0x4  startup_stm32f401xe.o [1]
  .text              ro code   0x800'1e0c     0x4  startup_stm32f401xe.o [1]
  .text              ro code   0x800'1e10     0x4  startup_stm32f401xe.o [1]
  .text              ro code   0x800'1e14     0x4  startup_stm32f401xe.o [1]
  .text              ro code   0x800'1e18     0x4  startup_stm32f401xe.o [1]
  .text              ro code   0x800'1e1c     0x4  startup_stm32f401xe.o [1]
  .text              ro code   0x800'1e20     0x4  startup_stm32f401xe.o [1]
  .text              ro code   0x800'1e24     0x4  startup_stm32f401xe.o [1]
  .text              ro code   0x800'1e28     0x4  startup_stm32f401xe.o [1]
  .text              ro code   0x800'1e2c     0x4  startup_stm32f401xe.o [1]
  .text              ro code   0x800'1e30     0x4  startup_stm32f401xe.o [1]
  .text              ro code   0x800'1e34     0x4  startup_stm32f401xe.o [1]
  .text              ro code   0x800'1e38     0x4  startup_stm32f401xe.o [1]
  .text              ro code   0x800'1e3c     0x4  startup_stm32f401xe.o [1]
  .text              ro code   0x800'1e40     0x4  startup_stm32f401xe.o [1]
  .text              ro code   0x800'1e44     0x4  startup_stm32f401xe.o [1]
  .text              ro code   0x800'1e48     0x4  startup_stm32f401xe.o [1]
  .text              ro code   0x800'1e4c     0x4  startup_stm32f401xe.o [1]
  .text              ro code   0x800'1e50     0x4  startup_stm32f401xe.o [1]
  .text              ro code   0x800'1e54     0x4  startup_stm32f401xe.o [1]
  .text              ro code   0x800'1e58     0x4  startup_stm32f401xe.o [1]
  .text              ro code   0x800'1e5c     0x4  startup_stm32f401xe.o [1]
  .text              ro code   0x800'1e60     0x4  startup_stm32f401xe.o [1]
  .text              ro code   0x800'1e64     0x4  startup_stm32f401xe.o [1]
  .text              ro code   0x800'1e68     0x4  startup_stm32f401xe.o [1]
  .text              ro code   0x800'1e6c     0x4  startup_stm32f401xe.o [1]
  .rodata            const     0x800'1e70     0x0  zero_init3.o [7]
  .rodata            const     0x800'1e70     0x0  copy_init3.o [7]
                             - 0x800'1e70  0x1cdc

"P2", part 1 of 3:                           0x10
  P2-1                        0x2000'0000    0x10  <Init block>
    .data            inited   0x2000'0000     0xc  stm32f4xx_hal.o [4]
    .data            inited   0x2000'000c     0x4  system_stm32f4xx.o [3]
                            - 0x2000'0010    0x10

"P2", part 2 of 3:                           0xd8
  .bss               zero     0x2000'0010    0x8c  main.o [2]
  .bss               zero     0x2000'009c    0x4c  main.o [2]
                            - 0x2000'00e8    0xd8

"P2", part 3 of 3:                          0x400
  CSTACK                      0x2000'00e8   0x400  <Block>
    CSTACK           uninit   0x2000'00e8   0x400  <Block tail>
                            - 0x2000'04e8   0x400

Unused ranges:

         From           To      Size
         ----           --      ----
   0x800'1e70   0x807'ffff  0x7'e190
  0x2000'04e8  0x2001'7fff  0x1'7b18


*******************************************************************************
*** INIT TABLE
***

          Address      Size
          -------      ----
Zero (__iar_zero_init3)
    1 destination range, total size 0xd8:
          0x2000'0010  0xd8

Copy (__iar_copy_init3)
    1 source range, total size 0x10:
           0x800'1d7c  0x10
    1 destination range, total size 0x10:
          0x2000'0000  0x10



*******************************************************************************
*** MODULE SUMMARY
***

    Module                  ro code  ro data  rw data
    ------                  -------  -------  -------
command line/config:
    -------------------------------------------------
    Total:

C:\Users\Jin\Programme\univ\mela\Kadai10\EWARM\Kadai10\Obj\Application\EWARM: [1]
    startup_stm32f401xe.o       640
    -------------------------------------------------
    Total:                      640

C:\Users\Jin\Programme\univ\mela\Kadai10\EWARM\Kadai10\Obj\Application\User: [2]
    main.o                      682               216
    stm32f4xx_hal_msp.o         372
    stm32f4xx_it.o               32
    -------------------------------------------------
    Total:                    1'086               216

C:\Users\Jin\Programme\univ\mela\Kadai10\EWARM\Kadai10\Obj\Drivers\CMSIS: [3]
    system_stm32f4xx.o           32       12        4
    -------------------------------------------------
    Total:                       32       12        4

C:\Users\Jin\Programme\univ\mela\Kadai10\EWARM\Kadai10\Obj\Drivers\STM32F4xx_HAL_Driver: [4]
    stm32f4xx_hal.o             184       12       12
    stm32f4xx_hal_adc.o       1'500
    stm32f4xx_hal_adc_ex.o        2
    stm32f4xx_hal_cortex.o      196
    stm32f4xx_hal_gpio.o        452
    stm32f4xx_hal_rcc.o       1'224
    stm32f4xx_hal_tim.o       1'312
    stm32f4xx_hal_tim_ex.o      120
    stm32f4xx_hal_uart.o        320
    -------------------------------------------------
    Total:                    5'310       12       12

dl7M_tln.a: [5]
    exit.o                        4
    low_level_init.o              4
    -------------------------------------------------
    Total:                        8

m7M_tls.a: [6]
    fpinit_M.o                   34
    -------------------------------------------------
    Total:                       34

rt7M_tl.a: [7]
    ABImemset.o                 102
    I64DivMod_small.o           262
    I64DivZer.o                   2
    cexit.o                      10
    cmain.o                      30
    copy_init3.o                 42
    cstartup_M.o                 28
    data_init.o                  40
    memset.o                     20
    zero_init3.o                 56
    -------------------------------------------------
    Total:                      592

shb_l.a: [8]
    exit.o                       20
    -------------------------------------------------
    Total:                       20

    Gaps                          8        2
    Linker created                        36    1'024
-----------------------------------------------------
    Grand Total:              7'730       62    1'256


*******************************************************************************
*** ENTRY LIST
***

Entry                       Address   Size  Type      Object
-----                       -------   ----  ----      ------
.iar.init_table$$Base    0x800'1c94          --   Gb  - Linker created -
.iar.init_table$$Limit   0x800'1cb8          --   Gb  - Linker created -
?main                    0x800'1d09         Code  Gb  cmain.o [7]
ADC_IRQHandler           0x800'1ccd    0x6  Code  Gb  stm32f4xx_it.o [2]
AHBPrescTable            0x800'1cf8   0x10  Data  Gb  system_stm32f4xx.o [3]
APBPrescTable            0x800'1d8c    0x8  Data  Gb  system_stm32f4xx.o [3]
BusFault_Handler         0x800'1cbf    0x2  Code  Gb  stm32f4xx_it.o [2]
CSTACK$$Base            0x2000'00e8          --   Gb  - Linker created -
CSTACK$$Limit           0x2000'04e8          --   Gb  - Linker created -
DebugMon_Handler         0x800'1cc5    0x2  Code  Gb  stm32f4xx_it.o [2]
Error_Handler            0x800'0b93    0x4  Code  Gb  main.o [2]
HAL_ADCEx_InjectedConvCpltCallback
                         0x800'0b97    0x2  Code  Gb  stm32f4xx_hal_adc_ex.o [4]
HAL_ADC_ConfigChannel    0x800'0619  0x110  Code  Gb  stm32f4xx_hal_adc.o [4]
HAL_ADC_ConvCpltCallback
                         0x800'08ed   0x1e  Code  Gb  main.o [2]
HAL_ADC_ErrorCallback    0x800'0b9b    0x2  Code  Gb  stm32f4xx_hal_adc.o [4]
HAL_ADC_GetValue         0x800'0613    0x6  Code  Gb  stm32f4xx_hal_adc.o [4]
HAL_ADC_IRQHandler       0x800'04e5  0x122  Code  Gb  stm32f4xx_hal_adc.o [4]
HAL_ADC_Init             0x800'0195  0x154  Code  Gb  stm32f4xx_hal_adc.o [4]
HAL_ADC_LevelOutOfWindowCallback
                         0x800'0b99    0x2  Code  Gb  stm32f4xx_hal_adc.o [4]
HAL_ADC_MspInit          0x800'07a5   0x62  Code  Gb  stm32f4xx_hal_msp.o [2]
HAL_ADC_PollForConversion
                         0x800'0393   0xa6  Code  Gb  stm32f4xx_hal_adc.o [4]
HAL_ADC_Start            0x800'02fd   0x60  Code  Gb  stm32f4xx_hal_adc.o [4]
HAL_ADC_Stop             0x800'035d   0x36  Code  Gb  stm32f4xx_hal_adc.o [4]
HAL_Delay                0x800'0e39   0x28  Code  Gb  stm32f4xx_hal.o [4]
HAL_GPIO_Init            0x800'0c61  0x1a2  Code  Gb  stm32f4xx_hal_gpio.o [4]
HAL_GetTick              0x800'08e1    0xc  Code  Gb  stm32f4xx_hal.o [4]
HAL_IncTick              0x800'1cd9   0x10  Code  Gb  stm32f4xx_hal.o [4]
HAL_Init                 0x800'0e61   0x30  Code  Gb  stm32f4xx_hal.o [4]
HAL_InitTick             0x800'1a65   0x40  Code  Gb  stm32f4xx_hal.o [4]
HAL_MspInit              0x800'076d   0x38  Code  Gb  stm32f4xx_hal_msp.o [2]
HAL_NVIC_EnableIRQ       0x800'0c0b   0x16  Code  Gb  stm32f4xx_hal_cortex.o [4]
HAL_NVIC_SetPriority     0x800'0bd1   0x3a  Code  Gb  stm32f4xx_hal_cortex.o [4]
HAL_NVIC_SetPriorityGrouping
                         0x800'0bb7   0x1a  Code  Gb  stm32f4xx_hal_cortex.o [4]
HAL_RCC_ClockConfig      0x800'18b1  0x100  Code  Gb  stm32f4xx_hal_rcc.o [4]
HAL_RCC_GetPCLK1Freq     0x800'19bd   0x10  Code  Gb  stm32f4xx_hal_rcc.o [4]
HAL_RCC_GetPCLK2Freq     0x800'19cd    0xe  Code  Gb  stm32f4xx_hal_rcc.o [4]
HAL_RCC_GetSysClockFreq
                         0x800'1bad   0x60  Code  Gb  stm32f4xx_hal_rcc.o [4]
HAL_RCC_OscConfig        0x800'1595  0x31c  Code  Gb  stm32f4xx_hal_rcc.o [4]
HAL_SYSTICK_Config       0x800'0c21   0x28  Code  Gb  stm32f4xx_hal_cortex.o [4]
HAL_TIMEx_MasterConfigSynchronization
                         0x800'151d   0x62  Code  Gb  stm32f4xx_hal_tim_ex.o [4]
HAL_TIM_Base_Init        0x800'0fd5   0x1a  Code  Gb  stm32f4xx_hal_tim.o [4]
HAL_TIM_Base_MspInit     0x800'0807   0x26  Code  Gb  stm32f4xx_hal_msp.o [2]
HAL_TIM_ConfigClockSource
                         0x800'11e3   0xaa  Code  Gb  stm32f4xx_hal_tim.o [4]
HAL_TIM_MspPostInit      0x800'082d   0x30  Code  Gb  stm32f4xx_hal_msp.o [2]
HAL_TIM_PWM_ConfigChannel
                         0x800'111f   0xb6  Code  Gb  stm32f4xx_hal_tim.o [4]
HAL_TIM_PWM_Init         0x800'102b   0x1a  Code  Gb  stm32f4xx_hal_tim.o [4]
HAL_TIM_PWM_MspInit      0x800'1bab    0x2  Code  Gb  stm32f4xx_hal_tim.o [4]
HAL_TIM_PWM_Start        0x800'1045   0x82  Code  Gb  stm32f4xx_hal_tim.o [4]
HAL_UART_Init            0x800'0e95   0x1e  Code  Gb  stm32f4xx_hal_uart.o [4]
HAL_UART_MspInit         0x800'0871   0x44  Code  Gb  stm32f4xx_hal_msp.o [2]
HardFault_Handler        0x800'1cbb    0x2  Code  Gb  stm32f4xx_it.o [2]
MemManage_Handler        0x800'1cbd    0x2  Code  Gb  stm32f4xx_it.o [2]
NMI_Handler              0x800'1cb9    0x2  Code  Gb  stm32f4xx_it.o [2]
PendSV_Handler           0x800'1cc7    0x2  Code  Gb  stm32f4xx_it.o [2]
Region$$Table$$Base      0x800'1c94          --   Gb  - Linker created -
Region$$Table$$Limit     0x800'1cb8          --   Gb  - Linker created -
SVC_Handler              0x800'1cc3    0x2  Code  Gb  stm32f4xx_it.o [2]
SysTick_Handler          0x800'1cc9    0x4  Code  Gb  stm32f4xx_it.o [2]
SystemClock_Config       0x800'0ac1   0x9e  Code  Gb  main.o [2]
SystemCoreClock         0x2000'000c    0x4  Data  Gb  system_stm32f4xx.o [3]
SystemInit               0x800'1ce9    0xc  Code  Gb  system_stm32f4xx.o [3]
TIM_Base_SetConfig       0x800'12a7   0x7a  Code  Gb  stm32f4xx_hal_tim.o [4]
TIM_CCxChannelCmd        0x800'14d7   0x16  Code  Gb  stm32f4xx_hal_tim.o [4]
TIM_ETR_SetConfig        0x800'14c3   0x14  Code  Gb  stm32f4xx_hal_tim.o [4]
TIM_ITRx_SetConfig       0x800'14b3   0x10  Code  Lc  stm32f4xx_hal_tim.o [4]
TIM_OC1_SetConfig        0x800'1321   0x4a  Code  Lc  stm32f4xx_hal_tim.o [4]
TIM_OC2_SetConfig        0x800'136b   0x52  Code  Gb  stm32f4xx_hal_tim.o [4]
TIM_OC3_SetConfig        0x800'13bd   0x50  Code  Lc  stm32f4xx_hal_tim.o [4]
TIM_OC4_SetConfig        0x800'140d   0x40  Code  Lc  stm32f4xx_hal_tim.o [4]
TIM_TI1_ConfigInputStage
                         0x800'1471   0x1e  Code  Lc  stm32f4xx_hal_tim.o [4]
TIM_TI2_ConfigInputStage
                         0x800'148f   0x24  Code  Lc  stm32f4xx_hal_tim.o [4]
UART_SetConfig           0x800'0f0b   0xb0  Code  Lc  stm32f4xx_hal_uart.o [4]
UsageFault_Handler       0x800'1cc1    0x2  Code  Gb  stm32f4xx_it.o [2]
__NVIC_SetPriority       0x800'0b9d   0x1a  Code  Lc  stm32f4xx_hal_cortex.o [4]
__aeabi_ldiv0            0x800'1c0d         Code  Gb  I64DivZer.o [7]
__aeabi_memset           0x800'19fd         Code  Gb  ABImemset.o [7]
__cmain                  0x800'1d09         Code  Gb  cmain.o [7]
__exit                   0x800'1d3d   0x14  Code  Gb  exit.o [8]
__iar_Memset             0x800'19fd         Code  Gb  ABImemset.o [7]
__iar_Memset_word        0x800'1a05         Code  Gb  ABImemset.o [7]
__iar_copy_init3         0x800'14f3   0x2a  Code  Gb  copy_init3.o [7]
__iar_data_init3         0x800'1c49   0x28  Code  Gb  data_init.o [7]
__iar_init_vfp           0x800'1c71         Code  Gb  fpinit_M.o [6]
__iar_program_start      0x800'1d51         Code  Gb  cstartup_M.o [7]
__iar_small_uldivmod     0x800'1aa5         Code  Gb  I64DivMod_small.o [7]
__iar_zero_init3         0x800'1c0f   0x38  Code  Gb  zero_init3.o [7]
__low_level_init         0x800'1d27    0x4  Code  Gb  low_level_init.o [5]
__vector_table           0x800'0000         Data  Gb  startup_stm32f401xe.o [1]
_call_main               0x800'1d15         Code  Gb  cmain.o [7]
_exit                    0x800'1d31         Code  Gb  cexit.o [7]
adc                     0x2000'009c    0x2  Data  Gb  main.o [2]
exit                     0x800'1d2b    0x4  Code  Gb  exit.o [5]
hadc1                   0x2000'0010   0x48  Data  Gb  main.o [2]
htim2                   0x2000'00a0   0x48  Data  Gb  main.o [2]
huart2                  0x2000'0058   0x44  Data  Gb  main.o [2]
main                     0x800'090b  0x1b6  Code  Gb  main.o [2]
memset                   0x800'0e25   0x14  Code  Gb  memset.o [7]
uwTick                  0x2000'0004    0x4  Data  Gb  stm32f4xx_hal.o [4]
uwTickFreq              0x2000'0000    0x1  Data  Gb  stm32f4xx_hal.o [4]
uwTickPrio              0x2000'0008    0x4  Data  Gb  stm32f4xx_hal.o [4]


[1] = C:\Users\Jin\Programme\univ\mela\Kadai10\EWARM\Kadai10\Obj\Application\EWARM
[2] = C:\Users\Jin\Programme\univ\mela\Kadai10\EWARM\Kadai10\Obj\Application\User
[3] = C:\Users\Jin\Programme\univ\mela\Kadai10\EWARM\Kadai10\Obj\Drivers\CMSIS
[4] = C:\Users\Jin\Programme\univ\mela\Kadai10\EWARM\Kadai10\Obj\Drivers\STM32F4xx_HAL_Driver
[5] = dl7M_tln.a
[6] = m7M_tls.a
[7] = rt7M_tl.a
[8] = shb_l.a

  7'730 bytes of readonly  code memory
     62 bytes of readonly  data memory
  1'256 bytes of readwrite data memory

Errors: none
Warnings: none
