###############################################################################
#
# IAR ELF Linker V9.10.2.313/W64 for ARM                  05/Oct/2021  10:54:54
# Copyright 2007-2021 IAR Systems AB.
#
#    Output file  =
#        C:\Users\Jin\Programme\univ\mela\Kadai01\EWARM\Kadai01\Exe\Kadai01.out
#    Map file     =
#        C:\Users\Jin\Programme\univ\mela\Kadai01\EWARM\Kadai01\List\Kadai01.map
#    Command line =
#        -f
#        C:\Users\Jin\Programme\univ\mela\Kadai01\EWARM\Kadai01\Exe\Kadai01.out.rsp
#        (C:\Users\Jin\Programme\univ\mela\Kadai01\EWARM\Kadai01\Obj\Application\User\main.o
#        C:\Users\Jin\Programme\univ\mela\Kadai01\EWARM\Kadai01\Obj\Application\EWARM\startup_stm32f401xe.o
#        C:\Users\Jin\Programme\univ\mela\Kadai01\EWARM\Kadai01\Obj\Drivers\STM32F4xx_HAL_Driver\stm32f4xx_hal.o
#        C:\Users\Jin\Programme\univ\mela\Kadai01\EWARM\Kadai01\Obj\Drivers\STM32F4xx_HAL_Driver\stm32f4xx_hal_cortex.o
#        C:\Users\Jin\Programme\univ\mela\Kadai01\EWARM\Kadai01\Obj\Drivers\STM32F4xx_HAL_Driver\stm32f4xx_hal_dma.o
#        C:\Users\Jin\Programme\univ\mela\Kadai01\EWARM\Kadai01\Obj\Drivers\STM32F4xx_HAL_Driver\stm32f4xx_hal_dma_ex.o
#        C:\Users\Jin\Programme\univ\mela\Kadai01\EWARM\Kadai01\Obj\Drivers\STM32F4xx_HAL_Driver\stm32f4xx_hal_exti.o
#        C:\Users\Jin\Programme\univ\mela\Kadai01\EWARM\Kadai01\Obj\Drivers\STM32F4xx_HAL_Driver\stm32f4xx_hal_flash.o
#        C:\Users\Jin\Programme\univ\mela\Kadai01\EWARM\Kadai01\Obj\Drivers\STM32F4xx_HAL_Driver\stm32f4xx_hal_flash_ex.o
#        C:\Users\Jin\Programme\univ\mela\Kadai01\EWARM\Kadai01\Obj\Drivers\STM32F4xx_HAL_Driver\stm32f4xx_hal_flash_ramfunc.o
#        C:\Users\Jin\Programme\univ\mela\Kadai01\EWARM\Kadai01\Obj\Drivers\STM32F4xx_HAL_Driver\stm32f4xx_hal_gpio.o
#        C:\Users\Jin\Programme\univ\mela\Kadai01\EWARM\Kadai01\Obj\Application\User\stm32f4xx_hal_msp.o
#        C:\Users\Jin\Programme\univ\mela\Kadai01\EWARM\Kadai01\Obj\Drivers\STM32F4xx_HAL_Driver\stm32f4xx_hal_pwr.o
#        C:\Users\Jin\Programme\univ\mela\Kadai01\EWARM\Kadai01\Obj\Drivers\STM32F4xx_HAL_Driver\stm32f4xx_hal_pwr_ex.o
#        C:\Users\Jin\Programme\univ\mela\Kadai01\EWARM\Kadai01\Obj\Drivers\STM32F4xx_HAL_Driver\stm32f4xx_hal_rcc.o
#        C:\Users\Jin\Programme\univ\mela\Kadai01\EWARM\Kadai01\Obj\Drivers\STM32F4xx_HAL_Driver\stm32f4xx_hal_rcc_ex.o
#        C:\Users\Jin\Programme\univ\mela\Kadai01\EWARM\Kadai01\Obj\Drivers\STM32F4xx_HAL_Driver\stm32f4xx_hal_tim.o
#        C:\Users\Jin\Programme\univ\mela\Kadai01\EWARM\Kadai01\Obj\Drivers\STM32F4xx_HAL_Driver\stm32f4xx_hal_tim_ex.o
#        C:\Users\Jin\Programme\univ\mela\Kadai01\EWARM\Kadai01\Obj\Drivers\STM32F4xx_HAL_Driver\stm32f4xx_hal_uart.o
#        C:\Users\Jin\Programme\univ\mela\Kadai01\EWARM\Kadai01\Obj\Application\User\stm32f4xx_it.o
#        C:\Users\Jin\Programme\univ\mela\Kadai01\EWARM\Kadai01\Obj\Drivers\CMSIS\system_stm32f4xx.o
#        --no_out_extension -o
#        C:\Users\Jin\Programme\univ\mela\Kadai01\EWARM\Kadai01\Exe\Kadai01.out
#        --redirect _Printf=_PrintfFullNoMb --redirect _Scanf=_ScanfFullNoMb
#        --map
#        C:\Users\Jin\Programme\univ\mela\Kadai01\EWARM\Kadai01\List\Kadai01.map
#        --config
#        C:\Users\Jin\Programme\univ\mela\Kadai01\EWARM/stm32f401xe_flash.icf
#        --semihosting --entry __iar_program_start --vfe --text_out locale)
#
###############################################################################

*******************************************************************************
*** RUNTIME MODEL ATTRIBUTES
***

CppFlavor       = *
__SystemLibrary = DLib
__dlib_version  = 6


*******************************************************************************
*** HEAP SELECTION
***

The basic heap was selected because some modules are built with
size limitations (and not runtime checking), and --advanced_heap
was not specified.


*******************************************************************************
*** PLACEMENT SUMMARY
***

"A0":  place at address 0x800'0000 { ro section .intvec };
"P1":  place in [from 0x800'0000 to 0x807'ffff] { ro };
define block CSTACK with size = 1K, alignment = 8 { };
define block HEAP with size = 512, alignment = 8 { };
"P2":  place in [from 0x2000'0000 to 0x2001'7fff] {
          rw, block CSTACK, block HEAP };
initialize by copy { rw };

  Section            Kind         Address   Size  Object
  -------            ----         -------   ----  ------
"A0":                                      0x194
  .intvec            ro code   0x800'0000  0x194  startup_stm32f401xe.o [1]
                             - 0x800'0194  0x194

"P1":                                      0xf59
  .text              ro code   0x800'0194  0x31c  stm32f4xx_hal_rcc.o [4]
  .text              ro code   0x800'04b0    0xc  stm32f4xx_hal.o [4]
  .text              ro code   0x800'04bc  0x1cc  stm32f4xx_hal_gpio.o [4]
  .text              ro code   0x800'0688  0x1ba  main.o [2]
  .text              ro code   0x800'0842   0x3a  packbits_init_single.o [7]
  .text              ro code   0x800'087c   0x34  stm32f4xx_hal.o [4]
  .text              ro code   0x800'08b0  0x140  stm32f4xx_hal_uart.o [4]
  .text              ro code   0x800'09f0   0x28  stm32f4xx_hal.o [4]
  .text              ro code   0x800'0a18   0x14  memset.o [7]
  .text              ro code   0x800'0a2c  0x14c  stm32f4xx_hal_rcc.o [4]
  .text              ro code   0x800'0b78   0xac  stm32f4xx_hal_cortex.o [4]
  .text              ro code   0x800'0c24   0x40  stm32f4xx_hal.o [4]
  .text              ro code   0x800'0c64   0xac  stm32f4xx_hal_msp.o [2]
  .text              ro code   0x800'0d10  0x106  I64DivMod_small.o [7]
  .text              ro code   0x800'0e18   0x66  ABImemset.o [7]
  .text              ro code   0x800'0e80   0x60  stm32f4xx_hal_rcc.o [4]
  .text              ro code   0x800'0ee0    0x2  I64DivZer.o [7]
  .text              ro code   0x800'0ee4   0x28  data_init.o [7]
  .text              ro code   0x800'0f0c   0x22  fpinit_M.o [6]
  .iar.init_table    const     0x800'0f30   0x10  - Linker created -
  .text              ro code   0x800'0f40   0x20  system_stm32f4xx.o [3]
  .text              ro code   0x800'0f60   0x1e  cmain.o [7]
  .text              ro code   0x800'0f7e    0x4  low_level_init.o [5]
  .text              ro code   0x800'0f82    0x4  exit.o [5]
  .text              ro code   0x800'0f88    0xa  cexit.o [7]
  .text              ro code   0x800'0f94   0x14  exit.o [8]
  .text              ro code   0x800'0fa8   0x1c  cstartup_M.o [7]
  .text              ro code   0x800'0fc4   0x14  stm32f4xx_it.o [2]
  .text              ro code   0x800'0fd8   0x10  stm32f4xx_hal.o [4]
  .text              ro code   0x800'0fe8   0x10  startup_stm32f401xe.o [1]
  .rodata            const     0x800'0ff8    0x8  system_stm32f4xx.o [3]
  .text              ro code   0x800'1000    0x4  startup_stm32f401xe.o [1]
  .text              ro code   0x800'1004    0x4  startup_stm32f401xe.o [1]
  .text              ro code   0x800'1008    0x4  startup_stm32f401xe.o [1]
  .text              ro code   0x800'100c    0x4  startup_stm32f401xe.o [1]
  .text              ro code   0x800'1010    0x4  startup_stm32f401xe.o [1]
  .text              ro code   0x800'1014    0x4  startup_stm32f401xe.o [1]
  .text              ro code   0x800'1018    0x4  startup_stm32f401xe.o [1]
  .text              ro code   0x800'101c    0x4  startup_stm32f401xe.o [1]
  .text              ro code   0x800'1020    0x4  startup_stm32f401xe.o [1]
  .text              ro code   0x800'1024    0x4  startup_stm32f401xe.o [1]
  .text              ro code   0x800'1028    0x4  startup_stm32f401xe.o [1]
  .text              ro code   0x800'102c    0x4  startup_stm32f401xe.o [1]
  .text              ro code   0x800'1030    0x4  startup_stm32f401xe.o [1]
  .text              ro code   0x800'1034    0x4  startup_stm32f401xe.o [1]
  .text              ro code   0x800'1038    0x4  startup_stm32f401xe.o [1]
  .text              ro code   0x800'103c    0x4  startup_stm32f401xe.o [1]
  .text              ro code   0x800'1040    0x4  startup_stm32f401xe.o [1]
  .text              ro code   0x800'1044    0x4  startup_stm32f401xe.o [1]
  .text              ro code   0x800'1048    0x4  startup_stm32f401xe.o [1]
  .text              ro code   0x800'104c    0x4  startup_stm32f401xe.o [1]
  .text              ro code   0x800'1050    0x4  startup_stm32f401xe.o [1]
  .text              ro code   0x800'1054    0x4  startup_stm32f401xe.o [1]
  .text              ro code   0x800'1058    0x4  startup_stm32f401xe.o [1]
  .text              ro code   0x800'105c    0x4  startup_stm32f401xe.o [1]
  .text              ro code   0x800'1060    0x4  startup_stm32f401xe.o [1]
  .text              ro code   0x800'1064    0x4  startup_stm32f401xe.o [1]
  .text              ro code   0x800'1068    0x4  startup_stm32f401xe.o [1]
  .text              ro code   0x800'106c    0x4  startup_stm32f401xe.o [1]
  .text              ro code   0x800'1070    0x4  startup_stm32f401xe.o [1]
  .text              ro code   0x800'1074    0x4  startup_stm32f401xe.o [1]
  .text              ro code   0x800'1078    0x4  startup_stm32f401xe.o [1]
  .text              ro code   0x800'107c    0x4  startup_stm32f401xe.o [1]
  .text              ro code   0x800'1080    0x4  startup_stm32f401xe.o [1]
  .text              ro code   0x800'1084    0x4  startup_stm32f401xe.o [1]
  .text              ro code   0x800'1088    0x4  startup_stm32f401xe.o [1]
  .text              ro code   0x800'108c    0x4  startup_stm32f401xe.o [1]
  .text              ro code   0x800'1090    0x4  startup_stm32f401xe.o [1]
  .text              ro code   0x800'1094    0x4  startup_stm32f401xe.o [1]
  .text              ro code   0x800'1098    0x4  startup_stm32f401xe.o [1]
  .text              ro code   0x800'109c    0x4  startup_stm32f401xe.o [1]
  .text              ro code   0x800'10a0    0x4  startup_stm32f401xe.o [1]
  .text              ro code   0x800'10a4    0x4  startup_stm32f401xe.o [1]
  .text              ro code   0x800'10a8    0x4  startup_stm32f401xe.o [1]
  .text              ro code   0x800'10ac    0x4  startup_stm32f401xe.o [1]
  .text              ro code   0x800'10b0    0x4  startup_stm32f401xe.o [1]
  .text              ro code   0x800'10b4    0x4  startup_stm32f401xe.o [1]
  .text              ro code   0x800'10b8    0x4  startup_stm32f401xe.o [1]
  .text              ro code   0x800'10bc    0x4  startup_stm32f401xe.o [1]
  .text              ro code   0x800'10c0    0x4  startup_stm32f401xe.o [1]
  .text              ro code   0x800'10c4    0x4  startup_stm32f401xe.o [1]
  .text              ro code   0x800'10c8    0x4  startup_stm32f401xe.o [1]
  .text              ro code   0x800'10cc    0x4  startup_stm32f401xe.o [1]
  .text              ro code   0x800'10d0    0x4  startup_stm32f401xe.o [1]
  .text              ro code   0x800'10d4    0x4  startup_stm32f401xe.o [1]
  .text              ro code   0x800'10d8    0x4  startup_stm32f401xe.o [1]
  .text              ro code   0x800'10dc    0x4  startup_stm32f401xe.o [1]
  .rodata            const     0x800'10e0    0x0  packbits_init_single.o [7]
  Initializer bytes  const     0x800'10e0    0xd  <for P2-1>
                             - 0x800'10ed  0xf59

"P2", part 1 of 2:                          0x54
  P2-1                        0x2000'0000   0x54  <Init block>
    .data            inited   0x2000'0000    0xc  stm32f4xx_hal.o [4]
    .data            inited   0x2000'000c    0x4  system_stm32f4xx.o [3]
    .bss             inited   0x2000'0010   0x44  main.o [2]
                            - 0x2000'0054   0x54

"P2", part 2 of 2:                         0x400
  CSTACK                      0x2000'0058  0x400  <Block>
    CSTACK           uninit   0x2000'0058  0x400  <Block tail>
                            - 0x2000'0458  0x400

Unused ranges:

         From           To      Size
         ----           --      ----
   0x800'10ed   0x807'ffff  0x7'ef13
  0x2000'0054  0x2000'0057       0x4
  0x2000'0458  0x2001'7fff  0x1'7ba8


*******************************************************************************
*** INIT TABLE
***

          Address      Size
          -------      ----
Copy/packbits (__iar_packbits_init_single3)
    1 source range, total size 0xd (15% of destination):
           0x800'10e0   0xd
    1 destination range, total size 0x54:
          0x2000'0000  0x54



*******************************************************************************
*** MODULE SUMMARY
***

    Module                  ro code  ro data  rw data
    ------                  -------  -------  -------
command line/config:
    -------------------------------------------------
    Total:

C:\Users\Jin\Programme\univ\mela\Kadai01\EWARM\Kadai01\Obj\Application\EWARM: [1]
    startup_stm32f401xe.o       644
    -------------------------------------------------
    Total:                      644

C:\Users\Jin\Programme\univ\mela\Kadai01\EWARM\Kadai01\Obj\Application\User: [2]
    main.o                      442       11       68
    stm32f4xx_hal_msp.o         172
    stm32f4xx_it.o               20
    -------------------------------------------------
    Total:                      634       11       68

C:\Users\Jin\Programme\univ\mela\Kadai01\EWARM\Kadai01\Obj\Drivers\CMSIS: [3]
    system_stm32f4xx.o           32        9        4
    -------------------------------------------------
    Total:                       32        9        4

C:\Users\Jin\Programme\univ\mela\Kadai01\EWARM\Kadai01\Obj\Drivers\STM32F4xx_HAL_Driver: [4]
    stm32f4xx_hal.o             184        1       12
    stm32f4xx_hal_cortex.o      172
    stm32f4xx_hal_gpio.o        460
    stm32f4xx_hal_rcc.o       1'224
    stm32f4xx_hal_uart.o        320
    -------------------------------------------------
    Total:                    2'360        1       12

dl7M_tln.a: [5]
    exit.o                        4
    low_level_init.o              4
    -------------------------------------------------
    Total:                        8

m7M_tls.a: [6]
    fpinit_M.o                   34
    -------------------------------------------------
    Total:                       34

rt7M_tl.a: [7]
    ABImemset.o                 102
    I64DivMod_small.o           262
    I64DivZer.o                   2
    cexit.o                      10
    cmain.o                      30
    cstartup_M.o                 28
    data_init.o                  40
    memset.o                     20
    packbits_init_single.o       58
    -------------------------------------------------
    Total:                      552

shb_l.a: [8]
    exit.o                       20
    -------------------------------------------------
    Total:                       20

    Gaps                         10        2
    Linker created                        16    1'024
-----------------------------------------------------
    Grand Total:              4'294       39    1'108


*******************************************************************************
*** ENTRY LIST
***

Entry                       Address   Size  Type      Object
-----                       -------   ----  ----      ------
.iar.init_table$$Base    0x800'0f30          --   Gb  - Linker created -
.iar.init_table$$Limit   0x800'0f40          --   Gb  - Linker created -
?main                    0x800'0f61         Code  Gb  cmain.o [7]
AHBPrescTable            0x800'0f50   0x10  Data  Gb  system_stm32f4xx.o [3]
APBPrescTable            0x800'0ff8    0x8  Data  Gb  system_stm32f4xx.o [3]
BusFault_Handler         0x800'0fcb    0x2  Code  Gb  stm32f4xx_it.o [2]
CSTACK$$Base            0x2000'0058          --   Gb  - Linker created -
CSTACK$$Limit           0x2000'0458          --   Gb  - Linker created -
DebugMon_Handler         0x800'0fd1    0x2  Code  Gb  stm32f4xx_it.o [2]
Error_Handler            0x800'083f    0x4  Code  Gb  main.o [2]
HAL_Delay                0x800'09f1   0x28  Code  Gb  stm32f4xx_hal.o [4]
HAL_GPIO_Init            0x800'04bd  0x1a2  Code  Gb  stm32f4xx_hal_gpio.o [4]
HAL_GPIO_WritePin        0x800'065f    0x8  Code  Gb  stm32f4xx_hal_gpio.o [4]
HAL_GetTick              0x800'04b1    0xc  Code  Gb  stm32f4xx_hal.o [4]
HAL_IncTick              0x800'0fd9   0x10  Code  Gb  stm32f4xx_hal.o [4]
HAL_Init                 0x800'087d   0x30  Code  Gb  stm32f4xx_hal.o [4]
HAL_InitTick             0x800'0c25   0x40  Code  Gb  stm32f4xx_hal.o [4]
HAL_MspInit              0x800'0c65   0x38  Code  Gb  stm32f4xx_hal_msp.o [2]
HAL_NVIC_SetPriority     0x800'0bad   0x3a  Code  Gb  stm32f4xx_hal_cortex.o [4]
HAL_NVIC_SetPriorityGrouping
                         0x800'0b93   0x1a  Code  Gb  stm32f4xx_hal_cortex.o [4]
HAL_RCC_ClockConfig      0x800'0a2d  0x100  Code  Gb  stm32f4xx_hal_rcc.o [4]
HAL_RCC_GetPCLK1Freq     0x800'0b39   0x10  Code  Gb  stm32f4xx_hal_rcc.o [4]
HAL_RCC_GetPCLK2Freq     0x800'0b49    0xe  Code  Gb  stm32f4xx_hal_rcc.o [4]
HAL_RCC_GetSysClockFreq
                         0x800'0e81   0x60  Code  Gb  stm32f4xx_hal_rcc.o [4]
HAL_RCC_OscConfig        0x800'0195  0x31c  Code  Gb  stm32f4xx_hal_rcc.o [4]
HAL_SYSTICK_Config       0x800'0be7   0x28  Code  Gb  stm32f4xx_hal_cortex.o [4]
HAL_UART_Init            0x800'08b1   0x1e  Code  Gb  stm32f4xx_hal_uart.o [4]
HAL_UART_MspInit         0x800'0c9d   0x62  Code  Gb  stm32f4xx_hal_msp.o [2]
HardFault_Handler        0x800'0fc7    0x2  Code  Gb  stm32f4xx_it.o [2]
MemManage_Handler        0x800'0fc9    0x2  Code  Gb  stm32f4xx_it.o [2]
NMI_Handler              0x800'0fc5    0x2  Code  Gb  stm32f4xx_it.o [2]
PendSV_Handler           0x800'0fd3    0x2  Code  Gb  stm32f4xx_it.o [2]
Region$$Table$$Base      0x800'0f30          --   Gb  - Linker created -
Region$$Table$$Limit     0x800'0f40          --   Gb  - Linker created -
SVC_Handler              0x800'0fcf    0x2  Code  Gb  stm32f4xx_it.o [2]
SysTick_Handler          0x800'0fd5    0x4  Code  Gb  stm32f4xx_it.o [2]
SystemClock_Config       0x800'077b   0x9e  Code  Gb  main.o [2]
SystemCoreClock         0x2000'000c    0x4  Data  Gb  system_stm32f4xx.o [3]
SystemInit               0x800'0f41    0xc  Code  Gb  system_stm32f4xx.o [3]
UART_SetConfig           0x800'0927   0xb0  Code  Lc  stm32f4xx_hal_uart.o [4]
UsageFault_Handler       0x800'0fcd    0x2  Code  Gb  stm32f4xx_it.o [2]
__NVIC_SetPriority       0x800'0b79   0x1a  Code  Lc  stm32f4xx_hal_cortex.o [4]
__aeabi_ldiv0            0x800'0ee1         Code  Gb  I64DivZer.o [7]
__aeabi_memset           0x800'0e19         Code  Gb  ABImemset.o [7]
__cmain                  0x800'0f61         Code  Gb  cmain.o [7]
__exit                   0x800'0f95   0x14  Code  Gb  exit.o [8]
__iar_Memset             0x800'0e19         Code  Gb  ABImemset.o [7]
__iar_Memset_word        0x800'0e21         Code  Gb  ABImemset.o [7]
__iar_data_init3         0x800'0ee5   0x28  Code  Gb  data_init.o [7]
__iar_init_vfp           0x800'0f0d         Code  Gb  fpinit_M.o [6]
__iar_packbits_init_single3
                         0x800'0843   0x3a  Code  Gb  packbits_init_single.o [7]
__iar_program_start      0x800'0fa9         Code  Gb  cstartup_M.o [7]
__iar_small_uldivmod     0x800'0d11         Code  Gb  I64DivMod_small.o [7]
__low_level_init         0x800'0f7f    0x4  Code  Gb  low_level_init.o [5]
__vector_table           0x800'0000         Data  Gb  startup_stm32f401xe.o [1]
_call_main               0x800'0f6d         Code  Gb  cmain.o [7]
_exit                    0x800'0f89         Code  Gb  cexit.o [7]
exit                     0x800'0f83    0x4  Code  Gb  exit.o [5]
huart2                  0x2000'0010   0x44  Data  Gb  main.o [2]
main                     0x800'0689   0xea  Code  Gb  main.o [2]
memset                   0x800'0a19   0x14  Code  Gb  memset.o [7]
uwTick                  0x2000'0004    0x4  Data  Gb  stm32f4xx_hal.o [4]
uwTickFreq              0x2000'0000    0x1  Data  Gb  stm32f4xx_hal.o [4]
uwTickPrio              0x2000'0008    0x4  Data  Gb  stm32f4xx_hal.o [4]


[1] = C:\Users\Jin\Programme\univ\mela\Kadai01\EWARM\Kadai01\Obj\Application\EWARM
[2] = C:\Users\Jin\Programme\univ\mela\Kadai01\EWARM\Kadai01\Obj\Application\User
[3] = C:\Users\Jin\Programme\univ\mela\Kadai01\EWARM\Kadai01\Obj\Drivers\CMSIS
[4] = C:\Users\Jin\Programme\univ\mela\Kadai01\EWARM\Kadai01\Obj\Drivers\STM32F4xx_HAL_Driver
[5] = dl7M_tln.a
[6] = m7M_tls.a
[7] = rt7M_tl.a
[8] = shb_l.a

  4'294 bytes of readonly  code memory
     39 bytes of readonly  data memory
  1'108 bytes of readwrite data memory

Errors: none
Warnings: none
