###############################################################################
#
# IAR ELF Linker V9.10.2.313/W64 for ARM                  27/Jan/2022  22:08:45
# Copyright 2007-2021 IAR Systems AB.
#
#    Output file  =
#        C:\Users\Jin\Programme\univ\mela\photointerrupt\EWARM\photointerrupt\Exe\photointerrupt.out
#    Map file     =
#        C:\Users\Jin\Programme\univ\mela\photointerrupt\EWARM\photointerrupt\List\photointerrupt.map
#    Command line =
#        -f
#        C:\Users\Jin\Programme\univ\mela\photointerrupt\EWARM\photointerrupt\Exe\photointerrupt.out.rsp
#        (C:\Users\Jin\Programme\univ\mela\photointerrupt\EWARM\photointerrupt\Obj\Application\User\main.o
#        C:\Users\Jin\Programme\univ\mela\photointerrupt\EWARM\photointerrupt\Obj\Application\EWARM\startup_stm32f401xe.o
#        C:\Users\Jin\Programme\univ\mela\photointerrupt\EWARM\photointerrupt\Obj\Drivers\STM32F4xx_HAL_Driver\stm32f4xx_hal.o
#        C:\Users\Jin\Programme\univ\mela\photointerrupt\EWARM\photointerrupt\Obj\Drivers\STM32F4xx_HAL_Driver\stm32f4xx_hal_adc.o
#        C:\Users\Jin\Programme\univ\mela\photointerrupt\EWARM\photointerrupt\Obj\Drivers\STM32F4xx_HAL_Driver\stm32f4xx_hal_adc_ex.o
#        C:\Users\Jin\Programme\univ\mela\photointerrupt\EWARM\photointerrupt\Obj\Drivers\STM32F4xx_HAL_Driver\stm32f4xx_hal_cortex.o
#        C:\Users\Jin\Programme\univ\mela\photointerrupt\EWARM\photointerrupt\Obj\Drivers\STM32F4xx_HAL_Driver\stm32f4xx_hal_dma.o
#        C:\Users\Jin\Programme\univ\mela\photointerrupt\EWARM\photointerrupt\Obj\Drivers\STM32F4xx_HAL_Driver\stm32f4xx_hal_dma_ex.o
#        C:\Users\Jin\Programme\univ\mela\photointerrupt\EWARM\photointerrupt\Obj\Drivers\STM32F4xx_HAL_Driver\stm32f4xx_hal_exti.o
#        C:\Users\Jin\Programme\univ\mela\photointerrupt\EWARM\photointerrupt\Obj\Drivers\STM32F4xx_HAL_Driver\stm32f4xx_hal_flash.o
#        C:\Users\Jin\Programme\univ\mela\photointerrupt\EWARM\photointerrupt\Obj\Drivers\STM32F4xx_HAL_Driver\stm32f4xx_hal_flash_ex.o
#        C:\Users\Jin\Programme\univ\mela\photointerrupt\EWARM\photointerrupt\Obj\Drivers\STM32F4xx_HAL_Driver\stm32f4xx_hal_flash_ramfunc.o
#        C:\Users\Jin\Programme\univ\mela\photointerrupt\EWARM\photointerrupt\Obj\Drivers\STM32F4xx_HAL_Driver\stm32f4xx_hal_gpio.o
#        C:\Users\Jin\Programme\univ\mela\photointerrupt\EWARM\photointerrupt\Obj\Application\User\stm32f4xx_hal_msp.o
#        C:\Users\Jin\Programme\univ\mela\photointerrupt\EWARM\photointerrupt\Obj\Drivers\STM32F4xx_HAL_Driver\stm32f4xx_hal_pwr.o
#        C:\Users\Jin\Programme\univ\mela\photointerrupt\EWARM\photointerrupt\Obj\Drivers\STM32F4xx_HAL_Driver\stm32f4xx_hal_pwr_ex.o
#        C:\Users\Jin\Programme\univ\mela\photointerrupt\EWARM\photointerrupt\Obj\Drivers\STM32F4xx_HAL_Driver\stm32f4xx_hal_rcc.o
#        C:\Users\Jin\Programme\univ\mela\photointerrupt\EWARM\photointerrupt\Obj\Drivers\STM32F4xx_HAL_Driver\stm32f4xx_hal_rcc_ex.o
#        C:\Users\Jin\Programme\univ\mela\photointerrupt\EWARM\photointerrupt\Obj\Drivers\STM32F4xx_HAL_Driver\stm32f4xx_hal_tim.o
#        C:\Users\Jin\Programme\univ\mela\photointerrupt\EWARM\photointerrupt\Obj\Drivers\STM32F4xx_HAL_Driver\stm32f4xx_hal_tim_ex.o
#        C:\Users\Jin\Programme\univ\mela\photointerrupt\EWARM\photointerrupt\Obj\Drivers\STM32F4xx_HAL_Driver\stm32f4xx_hal_uart.o
#        C:\Users\Jin\Programme\univ\mela\photointerrupt\EWARM\photointerrupt\Obj\Application\User\stm32f4xx_it.o
#        C:\Users\Jin\Programme\univ\mela\photointerrupt\EWARM\photointerrupt\Obj\Drivers\STM32F4xx_HAL_Driver\stm32f4xx_ll_adc.o
#        C:\Users\Jin\Programme\univ\mela\photointerrupt\EWARM\photointerrupt\Obj\Drivers\CMSIS\system_stm32f4xx.o
#        --no_out_extension -o
#        C:\Users\Jin\Programme\univ\mela\photointerrupt\EWARM\photointerrupt\Exe\photointerrupt.out
#        --redirect _Printf=_PrintfFullNoMb --redirect _Scanf=_ScanfFullNoMb
#        --map
#        C:\Users\Jin\Programme\univ\mela\photointerrupt\EWARM\photointerrupt\List\photointerrupt.map
#        --config
#        C:\Users\Jin\Programme\univ\mela\photointerrupt\EWARM/stm32f401xe_flash.icf
#        --semihosting --entry __iar_program_start --vfe --text_out locale)
#
###############################################################################

*******************************************************************************
*** RUNTIME MODEL ATTRIBUTES
***

CppFlavor       = *
__SystemLibrary = DLib
__dlib_version  = 6


*******************************************************************************
*** HEAP SELECTION
***

The basic heap was selected because some modules are built with
size limitations (and not runtime checking), and --advanced_heap
was not specified.


*******************************************************************************
*** PLACEMENT SUMMARY
***

"A0":  place at address 0x800'0000 { ro section .intvec };
"P1":  place in [from 0x800'0000 to 0x807'ffff] { ro };
define block CSTACK with size = 1K, alignment = 8 { };
define block HEAP with size = 512, alignment = 8 { };
"P2":  place in [from 0x2000'0000 to 0x2001'7fff] {
          rw, block CSTACK, block HEAP };
initialize by copy { rw };

  Section            Kind         Address    Size  Object
  -------            ----         -------    ----  ------
"A0":                                       0x194
  .intvec            ro code   0x800'0000   0x194  startup_stm32f401xe.o [1]
                             - 0x800'0194   0x194

"P1":                                      0x149f
  .text              ro code   0x800'0194   0x4a8  stm32f4xx_hal_adc.o [4]
  .text              ro code   0x800'063c    0xfc  stm32f4xx_hal_msp.o [2]
  .text              ro code   0x800'0738     0xc  stm32f4xx_hal.o [4]
  .text              ro code   0x800'0744    0xac  stm32f4xx_hal_cortex.o [4]
  .text              ro code   0x800'07f0   0x1cc  stm32f4xx_hal_gpio.o [4]
  .text              ro code   0x800'09bc    0x14  memset.o [7]
  .text              ro code   0x800'09d0    0x66  ABImemset.o [7]
  .text              ro code   0x800'0a36    0x3a  packbits_init_single.o [7]
  .text              ro code   0x800'0a70   0x31c  stm32f4xx_hal_rcc.o [4]
  .text              ro code   0x800'0d8c   0x22a  main.o [2]
  .text              ro code   0x800'0fb8    0x34  stm32f4xx_hal.o [4]
  .text              ro code   0x800'0fec   0x140  stm32f4xx_hal_uart.o [4]
  .text              ro code   0x800'112c   0x14c  stm32f4xx_hal_rcc.o [4]
  .text              ro code   0x800'1278    0x40  stm32f4xx_hal.o [4]
  .text              ro code   0x800'12b8   0x106  I64DivMod_small.o [7]
  .text              ro code   0x800'13c0    0x60  stm32f4xx_hal_rcc.o [4]
  .text              ro code   0x800'1420     0x2  I64DivZer.o [7]
  .text              ro code   0x800'1424    0x28  data_init.o [7]
  .text              ro code   0x800'144c    0x22  fpinit_M.o [6]
  .iar.init_table    const     0x800'1470    0x10  - Linker created -
  .text              ro code   0x800'1480    0x20  system_stm32f4xx.o [3]
  .text              ro code   0x800'14a0    0x1e  cmain.o [7]
  .text              ro code   0x800'14be     0x4  low_level_init.o [5]
  .text              ro code   0x800'14c2     0x4  exit.o [5]
  .text              ro code   0x800'14c8     0xa  cexit.o [7]
  .text              ro code   0x800'14d4    0x14  exit.o [8]
  .text              ro code   0x800'14e8    0x1c  cstartup_M.o [7]
  .text              ro code   0x800'1504    0x14  stm32f4xx_it.o [2]
  .text              ro code   0x800'1518    0x10  stm32f4xx_hal.o [4]
  .text              ro code   0x800'1528    0x10  startup_stm32f401xe.o [1]
  .rodata            const     0x800'1538     0x8  system_stm32f4xx.o [3]
  .text              ro code   0x800'1540     0x4  startup_stm32f401xe.o [1]
  .text              ro code   0x800'1544     0x4  startup_stm32f401xe.o [1]
  .text              ro code   0x800'1548     0x4  startup_stm32f401xe.o [1]
  .text              ro code   0x800'154c     0x4  startup_stm32f401xe.o [1]
  .text              ro code   0x800'1550     0x4  startup_stm32f401xe.o [1]
  .text              ro code   0x800'1554     0x4  startup_stm32f401xe.o [1]
  .text              ro code   0x800'1558     0x4  startup_stm32f401xe.o [1]
  .text              ro code   0x800'155c     0x4  startup_stm32f401xe.o [1]
  .text              ro code   0x800'1560     0x4  startup_stm32f401xe.o [1]
  .text              ro code   0x800'1564     0x4  startup_stm32f401xe.o [1]
  .text              ro code   0x800'1568     0x4  startup_stm32f401xe.o [1]
  .text              ro code   0x800'156c     0x4  startup_stm32f401xe.o [1]
  .text              ro code   0x800'1570     0x4  startup_stm32f401xe.o [1]
  .text              ro code   0x800'1574     0x4  startup_stm32f401xe.o [1]
  .text              ro code   0x800'1578     0x4  startup_stm32f401xe.o [1]
  .text              ro code   0x800'157c     0x4  startup_stm32f401xe.o [1]
  .text              ro code   0x800'1580     0x4  startup_stm32f401xe.o [1]
  .text              ro code   0x800'1584     0x4  startup_stm32f401xe.o [1]
  .text              ro code   0x800'1588     0x4  startup_stm32f401xe.o [1]
  .text              ro code   0x800'158c     0x4  startup_stm32f401xe.o [1]
  .text              ro code   0x800'1590     0x4  startup_stm32f401xe.o [1]
  .text              ro code   0x800'1594     0x4  startup_stm32f401xe.o [1]
  .text              ro code   0x800'1598     0x4  startup_stm32f401xe.o [1]
  .text              ro code   0x800'159c     0x4  startup_stm32f401xe.o [1]
  .text              ro code   0x800'15a0     0x4  startup_stm32f401xe.o [1]
  .text              ro code   0x800'15a4     0x4  startup_stm32f401xe.o [1]
  .text              ro code   0x800'15a8     0x4  startup_stm32f401xe.o [1]
  .text              ro code   0x800'15ac     0x4  startup_stm32f401xe.o [1]
  .text              ro code   0x800'15b0     0x4  startup_stm32f401xe.o [1]
  .text              ro code   0x800'15b4     0x4  startup_stm32f401xe.o [1]
  .text              ro code   0x800'15b8     0x4  startup_stm32f401xe.o [1]
  .text              ro code   0x800'15bc     0x4  startup_stm32f401xe.o [1]
  .text              ro code   0x800'15c0     0x4  startup_stm32f401xe.o [1]
  .text              ro code   0x800'15c4     0x4  startup_stm32f401xe.o [1]
  .text              ro code   0x800'15c8     0x4  startup_stm32f401xe.o [1]
  .text              ro code   0x800'15cc     0x4  startup_stm32f401xe.o [1]
  .text              ro code   0x800'15d0     0x4  startup_stm32f401xe.o [1]
  .text              ro code   0x800'15d4     0x4  startup_stm32f401xe.o [1]
  .text              ro code   0x800'15d8     0x4  startup_stm32f401xe.o [1]
  .text              ro code   0x800'15dc     0x4  startup_stm32f401xe.o [1]
  .text              ro code   0x800'15e0     0x4  startup_stm32f401xe.o [1]
  .text              ro code   0x800'15e4     0x4  startup_stm32f401xe.o [1]
  .text              ro code   0x800'15e8     0x4  startup_stm32f401xe.o [1]
  .text              ro code   0x800'15ec     0x4  startup_stm32f401xe.o [1]
  .text              ro code   0x800'15f0     0x4  startup_stm32f401xe.o [1]
  .text              ro code   0x800'15f4     0x4  startup_stm32f401xe.o [1]
  .text              ro code   0x800'15f8     0x4  startup_stm32f401xe.o [1]
  .text              ro code   0x800'15fc     0x4  startup_stm32f401xe.o [1]
  .text              ro code   0x800'1600     0x4  startup_stm32f401xe.o [1]
  .text              ro code   0x800'1604     0x4  startup_stm32f401xe.o [1]
  .text              ro code   0x800'1608     0x4  startup_stm32f401xe.o [1]
  .text              ro code   0x800'160c     0x4  startup_stm32f401xe.o [1]
  .text              ro code   0x800'1610     0x4  startup_stm32f401xe.o [1]
  .text              ro code   0x800'1614     0x4  startup_stm32f401xe.o [1]
  .text              ro code   0x800'1618     0x4  startup_stm32f401xe.o [1]
  .text              ro code   0x800'161c     0x4  startup_stm32f401xe.o [1]
  .rodata            const     0x800'1620     0x0  packbits_init_single.o [7]
  Initializer bytes  const     0x800'1620    0x13  <for P2-1>
                             - 0x800'1633  0x149f

"P2", part 1 of 2:                           0xa4
  P2-1                        0x2000'0000    0xa4  <Init block>
    .data            inited   0x2000'0000    0x94  main.o [2]
    .data            inited   0x2000'0094     0xc  stm32f4xx_hal.o [4]
    .data            inited   0x2000'00a0     0x4  system_stm32f4xx.o [3]
                            - 0x2000'00a4    0xa4

"P2", part 2 of 2:                          0x400
  CSTACK                      0x2000'00a8   0x400  <Block>
    CSTACK           uninit   0x2000'00a8   0x400  <Block tail>
                            - 0x2000'04a8   0x400

Unused ranges:

         From           To      Size
         ----           --      ----
   0x800'1633   0x807'ffff  0x7'e9cd
  0x2000'00a4  0x2000'00a7       0x4
  0x2000'04a8  0x2001'7fff  0x1'7b58


*******************************************************************************
*** INIT TABLE
***

          Address      Size
          -------      ----
Copy/packbits (__iar_packbits_init_single3)
    1 source range, total size 0x13 (11% of destination):
           0x800'1620  0x13
    1 destination range, total size 0xa4:
          0x2000'0000  0xa4



*******************************************************************************
*** MODULE SUMMARY
***

    Module                  ro code  ro data  rw data
    ------                  -------  -------  -------
command line/config:
    -------------------------------------------------
    Total:

C:\Users\Jin\Programme\univ\mela\photointerrupt\EWARM\photointerrupt\Obj\Application\EWARM: [1]
    startup_stm32f401xe.o       644
    -------------------------------------------------
    Total:                      644

C:\Users\Jin\Programme\univ\mela\photointerrupt\EWARM\photointerrupt\Obj\Application\User: [2]
    main.o                      554       17      148
    stm32f4xx_hal_msp.o         252
    stm32f4xx_it.o               20
    -------------------------------------------------
    Total:                      826       17      148

C:\Users\Jin\Programme\univ\mela\photointerrupt\EWARM\photointerrupt\Obj\Drivers\CMSIS: [3]
    system_stm32f4xx.o           32        9        4
    -------------------------------------------------
    Total:                       32        9        4

C:\Users\Jin\Programme\univ\mela\photointerrupt\EWARM\photointerrupt\Obj\Drivers\STM32F4xx_HAL_Driver: [4]
    stm32f4xx_hal.o             144        1       12
    stm32f4xx_hal_adc.o       1'192
    stm32f4xx_hal_cortex.o      172
    stm32f4xx_hal_gpio.o        460
    stm32f4xx_hal_rcc.o       1'224
    stm32f4xx_hal_uart.o        320
    -------------------------------------------------
    Total:                    3'512        1       12

dl7M_tln.a: [5]
    exit.o                        4
    low_level_init.o              4
    -------------------------------------------------
    Total:                        8

m7M_tls.a: [6]
    fpinit_M.o                   34
    -------------------------------------------------
    Total:                       34

rt7M_tl.a: [7]
    ABImemset.o                 102
    I64DivMod_small.o           262
    I64DivZer.o                   2
    cexit.o                      10
    cmain.o                      30
    cstartup_M.o                 28
    data_init.o                  40
    memset.o                     20
    packbits_init_single.o       58
    -------------------------------------------------
    Total:                      552

shb_l.a: [8]
    exit.o                       20
    -------------------------------------------------
    Total:                       20

    Gaps                         10        2
    Linker created                        16    1'024
-----------------------------------------------------
    Grand Total:              5'638       45    1'188


*******************************************************************************
*** ENTRY LIST
***

Entry                       Address   Size  Type      Object
-----                       -------   ----  ----      ------
.iar.init_table$$Base    0x800'1470          --   Gb  - Linker created -
.iar.init_table$$Limit   0x800'1480          --   Gb  - Linker created -
?main                    0x800'14a1         Code  Gb  cmain.o [7]
AHBPrescTable            0x800'1490   0x10  Data  Gb  system_stm32f4xx.o [3]
APBPrescTable            0x800'1538    0x8  Data  Gb  system_stm32f4xx.o [3]
BusFault_Handler         0x800'150b    0x2  Code  Gb  stm32f4xx_it.o [2]
CSTACK$$Base            0x2000'00a8          --   Gb  - Linker created -
CSTACK$$Limit           0x2000'04a8          --   Gb  - Linker created -
DebugMon_Handler         0x800'1511    0x2  Code  Gb  stm32f4xx_it.o [2]
Error_Handler            0x800'0fb3    0x4  Code  Gb  main.o [2]
HAL_ADC_ConfigChannel    0x800'04eb  0x110  Code  Gb  stm32f4xx_hal_adc.o [4]
HAL_ADC_GetValue         0x800'04e5    0x6  Code  Gb  stm32f4xx_hal_adc.o [4]
HAL_ADC_Init             0x800'0195  0x154  Code  Gb  stm32f4xx_hal_adc.o [4]
HAL_ADC_MspInit          0x800'0675   0x44  Code  Gb  stm32f4xx_hal_msp.o [2]
HAL_ADC_PollForConversion
                         0x800'0393   0xa6  Code  Gb  stm32f4xx_hal_adc.o [4]
HAL_ADC_Start            0x800'02fd   0x60  Code  Gb  stm32f4xx_hal_adc.o [4]
HAL_ADC_Stop             0x800'035d   0x36  Code  Gb  stm32f4xx_hal_adc.o [4]
HAL_GPIO_Init            0x800'07f1  0x1a2  Code  Gb  stm32f4xx_hal_gpio.o [4]
HAL_GPIO_WritePin        0x800'0993    0x8  Code  Gb  stm32f4xx_hal_gpio.o [4]
HAL_GetTick              0x800'0739    0xc  Code  Gb  stm32f4xx_hal.o [4]
HAL_IncTick              0x800'1519   0x10  Code  Gb  stm32f4xx_hal.o [4]
HAL_Init                 0x800'0fb9   0x30  Code  Gb  stm32f4xx_hal.o [4]
HAL_InitTick             0x800'1279   0x40  Code  Gb  stm32f4xx_hal.o [4]
HAL_MspInit              0x800'063d   0x38  Code  Gb  stm32f4xx_hal_msp.o [2]
HAL_NVIC_SetPriority     0x800'0779   0x3a  Code  Gb  stm32f4xx_hal_cortex.o [4]
HAL_NVIC_SetPriorityGrouping
                         0x800'075f   0x1a  Code  Gb  stm32f4xx_hal_cortex.o [4]
HAL_RCC_ClockConfig      0x800'112d  0x100  Code  Gb  stm32f4xx_hal_rcc.o [4]
HAL_RCC_GetPCLK1Freq     0x800'1239   0x10  Code  Gb  stm32f4xx_hal_rcc.o [4]
HAL_RCC_GetPCLK2Freq     0x800'1249    0xe  Code  Gb  stm32f4xx_hal_rcc.o [4]
HAL_RCC_GetSysClockFreq
                         0x800'13c1   0x60  Code  Gb  stm32f4xx_hal_rcc.o [4]
HAL_RCC_OscConfig        0x800'0a71  0x31c  Code  Gb  stm32f4xx_hal_rcc.o [4]
HAL_SYSTICK_Config       0x800'07b3   0x28  Code  Gb  stm32f4xx_hal_cortex.o [4]
HAL_UART_Init            0x800'0fed   0x1e  Code  Gb  stm32f4xx_hal_uart.o [4]
HAL_UART_MspInit         0x800'06b9   0x4a  Code  Gb  stm32f4xx_hal_msp.o [2]
HardFault_Handler        0x800'1507    0x2  Code  Gb  stm32f4xx_it.o [2]
MemManage_Handler        0x800'1509    0x2  Code  Gb  stm32f4xx_it.o [2]
NMI_Handler              0x800'1505    0x2  Code  Gb  stm32f4xx_it.o [2]
PendSV_Handler           0x800'1513    0x2  Code  Gb  stm32f4xx_it.o [2]
Region$$Table$$Base      0x800'1470          --   Gb  - Linker created -
Region$$Table$$Limit     0x800'1480          --   Gb  - Linker created -
SVC_Handler              0x800'150f    0x2  Code  Gb  stm32f4xx_it.o [2]
SysTick_Handler          0x800'1515    0x4  Code  Gb  stm32f4xx_it.o [2]
SystemClock_Config       0x800'0ee7   0x9e  Code  Gb  main.o [2]
SystemCoreClock         0x2000'00a0    0x4  Data  Gb  system_stm32f4xx.o [3]
SystemInit               0x800'1481    0xc  Code  Gb  system_stm32f4xx.o [3]
UART_SetConfig           0x800'1063   0xb0  Code  Lc  stm32f4xx_hal_uart.o [4]
UsageFault_Handler       0x800'150d    0x2  Code  Gb  stm32f4xx_it.o [2]
__NVIC_SetPriority       0x800'0745   0x1a  Code  Lc  stm32f4xx_hal_cortex.o [4]
__aeabi_ldiv0            0x800'1421         Code  Gb  I64DivZer.o [7]
__aeabi_memset           0x800'09d1         Code  Gb  ABImemset.o [7]
__cmain                  0x800'14a1         Code  Gb  cmain.o [7]
__exit                   0x800'14d5   0x14  Code  Gb  exit.o [8]
__iar_Memset             0x800'09d1         Code  Gb  ABImemset.o [7]
__iar_Memset_word        0x800'09d9         Code  Gb  ABImemset.o [7]
__iar_data_init3         0x800'1425   0x28  Code  Gb  data_init.o [7]
__iar_init_vfp           0x800'144d         Code  Gb  fpinit_M.o [6]
__iar_packbits_init_single3
                         0x800'0a37   0x3a  Code  Gb  packbits_init_single.o [7]
__iar_program_start      0x800'14e9         Code  Gb  cstartup_M.o [7]
__iar_small_uldivmod     0x800'12b9         Code  Gb  I64DivMod_small.o [7]
__low_level_init         0x800'14bf    0x4  Code  Gb  low_level_init.o [5]
__vector_table           0x800'0000         Data  Gb  startup_stm32f401xe.o [1]
_call_main               0x800'14ad         Code  Gb  cmain.o [7]
_exit                    0x800'14c9         Code  Gb  cexit.o [7]
exit                     0x800'14c3    0x4  Code  Gb  exit.o [5]
hadc1                   0x2000'0000   0x48  Data  Gb  main.o [2]
huart2                  0x2000'0050   0x44  Data  Gb  main.o [2]
main                     0x800'0d8d  0x15a  Code  Gb  main.o [2]
memset                   0x800'09bd   0x14  Code  Gb  memset.o [7]
mn                      0x2000'004c    0x2  Data  Gb  main.o [2]
mx                      0x2000'004a    0x2  Data  Gb  main.o [2]
uwTick                  0x2000'0098    0x4  Data  Gb  stm32f4xx_hal.o [4]
uwTickFreq              0x2000'0094    0x1  Data  Gb  stm32f4xx_hal.o [4]
uwTickPrio              0x2000'009c    0x4  Data  Gb  stm32f4xx_hal.o [4]
vol                     0x2000'0048    0x2  Data  Gb  main.o [2]


[1] = C:\Users\Jin\Programme\univ\mela\photointerrupt\EWARM\photointerrupt\Obj\Application\EWARM
[2] = C:\Users\Jin\Programme\univ\mela\photointerrupt\EWARM\photointerrupt\Obj\Application\User
[3] = C:\Users\Jin\Programme\univ\mela\photointerrupt\EWARM\photointerrupt\Obj\Drivers\CMSIS
[4] = C:\Users\Jin\Programme\univ\mela\photointerrupt\EWARM\photointerrupt\Obj\Drivers\STM32F4xx_HAL_Driver
[5] = dl7M_tln.a
[6] = m7M_tls.a
[7] = rt7M_tl.a
[8] = shb_l.a

  5'638 bytes of readonly  code memory
     45 bytes of readonly  data memory
  1'188 bytes of readwrite data memory

Errors: none
Warnings: none
