###############################################################################
#
# IAR ELF Linker V9.10.2.313/W64 for ARM                  27/Jan/2022  23:46:08
# Copyright 2007-2021 IAR Systems AB.
#
#    Output file  =
#        C:\Users\Jin\Programme\univ\mela\KadaiFinal\EWARM\KadaiFinal\Exe\KadaiFinal.out
#    Map file     =
#        C:\Users\Jin\Programme\univ\mela\KadaiFinal\EWARM\KadaiFinal\List\KadaiFinal.map
#    Command line =
#        -f
#        C:\Users\Jin\Programme\univ\mela\KadaiFinal\EWARM\KadaiFinal\Exe\KadaiFinal.out.rsp
#        (C:\Users\Jin\Programme\univ\mela\KadaiFinal\EWARM\KadaiFinal\Obj\Application\User\main.o
#        C:\Users\Jin\Programme\univ\mela\KadaiFinal\EWARM\KadaiFinal\Obj\Application\EWARM\startup_stm32f401xe.o
#        C:\Users\Jin\Programme\univ\mela\KadaiFinal\EWARM\KadaiFinal\Obj\Drivers\STM32F4xx_HAL_Driver\stm32f4xx_hal.o
#        C:\Users\Jin\Programme\univ\mela\KadaiFinal\EWARM\KadaiFinal\Obj\Drivers\STM32F4xx_HAL_Driver\stm32f4xx_hal_adc.o
#        C:\Users\Jin\Programme\univ\mela\KadaiFinal\EWARM\KadaiFinal\Obj\Drivers\STM32F4xx_HAL_Driver\stm32f4xx_hal_adc_ex.o
#        C:\Users\Jin\Programme\univ\mela\KadaiFinal\EWARM\KadaiFinal\Obj\Drivers\STM32F4xx_HAL_Driver\stm32f4xx_hal_cortex.o
#        C:\Users\Jin\Programme\univ\mela\KadaiFinal\EWARM\KadaiFinal\Obj\Drivers\STM32F4xx_HAL_Driver\stm32f4xx_hal_dma.o
#        C:\Users\Jin\Programme\univ\mela\KadaiFinal\EWARM\KadaiFinal\Obj\Drivers\STM32F4xx_HAL_Driver\stm32f4xx_hal_dma_ex.o
#        C:\Users\Jin\Programme\univ\mela\KadaiFinal\EWARM\KadaiFinal\Obj\Drivers\STM32F4xx_HAL_Driver\stm32f4xx_hal_exti.o
#        C:\Users\Jin\Programme\univ\mela\KadaiFinal\EWARM\KadaiFinal\Obj\Drivers\STM32F4xx_HAL_Driver\stm32f4xx_hal_flash.o
#        C:\Users\Jin\Programme\univ\mela\KadaiFinal\EWARM\KadaiFinal\Obj\Drivers\STM32F4xx_HAL_Driver\stm32f4xx_hal_flash_ex.o
#        C:\Users\Jin\Programme\univ\mela\KadaiFinal\EWARM\KadaiFinal\Obj\Drivers\STM32F4xx_HAL_Driver\stm32f4xx_hal_flash_ramfunc.o
#        C:\Users\Jin\Programme\univ\mela\KadaiFinal\EWARM\KadaiFinal\Obj\Drivers\STM32F4xx_HAL_Driver\stm32f4xx_hal_gpio.o
#        C:\Users\Jin\Programme\univ\mela\KadaiFinal\EWARM\KadaiFinal\Obj\Application\User\stm32f4xx_hal_msp.o
#        C:\Users\Jin\Programme\univ\mela\KadaiFinal\EWARM\KadaiFinal\Obj\Drivers\STM32F4xx_HAL_Driver\stm32f4xx_hal_pwr.o
#        C:\Users\Jin\Programme\univ\mela\KadaiFinal\EWARM\KadaiFinal\Obj\Drivers\STM32F4xx_HAL_Driver\stm32f4xx_hal_pwr_ex.o
#        C:\Users\Jin\Programme\univ\mela\KadaiFinal\EWARM\KadaiFinal\Obj\Drivers\STM32F4xx_HAL_Driver\stm32f4xx_hal_rcc.o
#        C:\Users\Jin\Programme\univ\mela\KadaiFinal\EWARM\KadaiFinal\Obj\Drivers\STM32F4xx_HAL_Driver\stm32f4xx_hal_rcc_ex.o
#        C:\Users\Jin\Programme\univ\mela\KadaiFinal\EWARM\KadaiFinal\Obj\Drivers\STM32F4xx_HAL_Driver\stm32f4xx_hal_tim.o
#        C:\Users\Jin\Programme\univ\mela\KadaiFinal\EWARM\KadaiFinal\Obj\Drivers\STM32F4xx_HAL_Driver\stm32f4xx_hal_tim_ex.o
#        C:\Users\Jin\Programme\univ\mela\KadaiFinal\EWARM\KadaiFinal\Obj\Drivers\STM32F4xx_HAL_Driver\stm32f4xx_hal_uart.o
#        C:\Users\Jin\Programme\univ\mela\KadaiFinal\EWARM\KadaiFinal\Obj\Application\User\stm32f4xx_it.o
#        C:\Users\Jin\Programme\univ\mela\KadaiFinal\EWARM\KadaiFinal\Obj\Drivers\STM32F4xx_HAL_Driver\stm32f4xx_ll_adc.o
#        C:\Users\Jin\Programme\univ\mela\KadaiFinal\EWARM\KadaiFinal\Obj\Drivers\CMSIS\system_stm32f4xx.o
#        --no_out_extension -o
#        C:\Users\Jin\Programme\univ\mela\KadaiFinal\EWARM\KadaiFinal\Exe\KadaiFinal.out
#        --redirect _Printf=_PrintfFullNoMb --redirect _Scanf=_ScanfFullNoMb
#        --map
#        C:\Users\Jin\Programme\univ\mela\KadaiFinal\EWARM\KadaiFinal\List\KadaiFinal.map
#        --config
#        C:\Users\Jin\Programme\univ\mela\KadaiFinal\EWARM/stm32f401xe_flash.icf
#        --semihosting --entry __iar_program_start --vfe --text_out locale)
#
###############################################################################

*******************************************************************************
*** RUNTIME MODEL ATTRIBUTES
***

CppFlavor       = *
__SystemLibrary = DLib
__dlib_version  = 6


*******************************************************************************
*** HEAP SELECTION
***

The basic heap was selected because some modules are built with
size limitations (and not runtime checking), and --advanced_heap
was not specified.


*******************************************************************************
*** PLACEMENT SUMMARY
***

"A0":  place at address 0x800'0000 { ro section .intvec };
"P1":  place in [from 0x800'0000 to 0x807'ffff] { ro };
define block CSTACK with size = 1K, alignment = 8 { };
define block HEAP with size = 512, alignment = 8 { };
"P2":  place in [from 0x2000'0000 to 0x2001'7fff] {
          rw, block CSTACK, block HEAP };
initialize by copy { rw };

  Section            Kind         Address    Size  Object
  -------            ----         -------    ----  ------
"A0":                                       0x194
  .intvec            ro code   0x800'0000   0x194  startup_stm32f401xe.o [1]
                             - 0x800'0194   0x194

"P1":                                      0x164c
  .text              ro code   0x800'0194   0x474  stm32f4xx_hal_adc.o [4]
  .text              ro code   0x800'0608    0xfc  stm32f4xx_hal_msp.o [2]
  .text              ro code   0x800'0704     0xc  stm32f4xx_hal.o [4]
  .text              ro code   0x800'0710    0xc4  stm32f4xx_hal_cortex.o [4]
  .text              ro code   0x800'07d4   0x1e0  stm32f4xx_hal_gpio.o [4]
  .text              ro code   0x800'09b4    0x14  memset.o [7]
  .text              ro code   0x800'09c8     0x2  stm32f4xx_hal_gpio.o [4]
  .text              ro code   0x800'09ca    0x2a  copy_init3.o [7]
  .text              ro code   0x800'09f4    0x66  ABImemset.o [7]
  .text              ro code   0x800'0a5c   0x31c  stm32f4xx_hal_rcc.o [4]
  .text              ro code   0x800'0d78   0x280  stm32f4xx_hal_uart.o [4]
  .text              ro code   0x800'0ff8   0x14c  stm32f4xx_hal_rcc.o [4]
  .text              ro code   0x800'1144   0x106  I64DivMod_small.o [7]
  .text              ro code   0x800'124c    0x60  stm32f4xx_hal_rcc.o [4]
  .text              ro code   0x800'12ac    0x40  stm32f4xx_hal.o [4]
  .text              ro code   0x800'12ec     0x2  I64DivZer.o [7]
  .text              ro code   0x800'12f0   0x236  main.o [2]
  .text              ro code   0x800'1528    0x34  stm32f4xx_hal.o [4]
  .text              ro code   0x800'155c    0x28  stm32f4xx_hal.o [4]
  .text              ro code   0x800'1584    0x38  zero_init3.o [7]
  .text              ro code   0x800'15bc    0x28  data_init.o [7]
  .text              ro code   0x800'15e4    0x22  fpinit_M.o [6]
  .iar.init_table    const     0x800'1608    0x24  - Linker created -
  .text              ro code   0x800'162c    0x20  system_stm32f4xx.o [3]
  .text              ro code   0x800'164c    0x1e  cmain.o [7]
  .text              ro code   0x800'166a     0x4  low_level_init.o [5]
  .text              ro code   0x800'166e     0x4  exit.o [5]
  .text              ro code   0x800'1674     0xa  cexit.o [7]
  .text              ro code   0x800'1680    0x14  exit.o [8]
  .text              ro code   0x800'1694    0x1c  stm32f4xx_it.o [2]
  .text              ro code   0x800'16b0    0x10  stm32f4xx_hal.o [4]
  .text              ro code   0x800'16c0    0x1c  cstartup_M.o [7]
  .text              ro code   0x800'16dc    0x10  startup_stm32f401xe.o [1]
  Initializer bytes  const     0x800'16ec    0x10  <for P2-1>
  .rodata            const     0x800'16fc     0x8  system_stm32f4xx.o [3]
  .text              ro code   0x800'1704     0x4  startup_stm32f401xe.o [1]
  .text              ro code   0x800'1708     0x4  startup_stm32f401xe.o [1]
  .text              ro code   0x800'170c     0x4  startup_stm32f401xe.o [1]
  .text              ro code   0x800'1710     0x4  startup_stm32f401xe.o [1]
  .text              ro code   0x800'1714     0x4  startup_stm32f401xe.o [1]
  .text              ro code   0x800'1718     0x4  startup_stm32f401xe.o [1]
  .text              ro code   0x800'171c     0x4  startup_stm32f401xe.o [1]
  .text              ro code   0x800'1720     0x4  startup_stm32f401xe.o [1]
  .text              ro code   0x800'1724     0x4  startup_stm32f401xe.o [1]
  .text              ro code   0x800'1728     0x4  startup_stm32f401xe.o [1]
  .text              ro code   0x800'172c     0x4  startup_stm32f401xe.o [1]
  .text              ro code   0x800'1730     0x4  startup_stm32f401xe.o [1]
  .text              ro code   0x800'1734     0x4  startup_stm32f401xe.o [1]
  .text              ro code   0x800'1738     0x4  startup_stm32f401xe.o [1]
  .text              ro code   0x800'173c     0x4  startup_stm32f401xe.o [1]
  .text              ro code   0x800'1740     0x4  startup_stm32f401xe.o [1]
  .text              ro code   0x800'1744     0x4  startup_stm32f401xe.o [1]
  .text              ro code   0x800'1748     0x4  startup_stm32f401xe.o [1]
  .text              ro code   0x800'174c     0x4  startup_stm32f401xe.o [1]
  .text              ro code   0x800'1750     0x4  startup_stm32f401xe.o [1]
  .text              ro code   0x800'1754     0x4  startup_stm32f401xe.o [1]
  .text              ro code   0x800'1758     0x4  startup_stm32f401xe.o [1]
  .text              ro code   0x800'175c     0x4  startup_stm32f401xe.o [1]
  .text              ro code   0x800'1760     0x4  startup_stm32f401xe.o [1]
  .text              ro code   0x800'1764     0x4  startup_stm32f401xe.o [1]
  .text              ro code   0x800'1768     0x4  startup_stm32f401xe.o [1]
  .text              ro code   0x800'176c     0x4  startup_stm32f401xe.o [1]
  .text              ro code   0x800'1770     0x4  startup_stm32f401xe.o [1]
  .text              ro code   0x800'1774     0x4  startup_stm32f401xe.o [1]
  .text              ro code   0x800'1778     0x4  startup_stm32f401xe.o [1]
  .text              ro code   0x800'177c     0x4  startup_stm32f401xe.o [1]
  .text              ro code   0x800'1780     0x4  startup_stm32f401xe.o [1]
  .text              ro code   0x800'1784     0x4  startup_stm32f401xe.o [1]
  .text              ro code   0x800'1788     0x4  startup_stm32f401xe.o [1]
  .text              ro code   0x800'178c     0x4  startup_stm32f401xe.o [1]
  .text              ro code   0x800'1790     0x4  startup_stm32f401xe.o [1]
  .text              ro code   0x800'1794     0x4  startup_stm32f401xe.o [1]
  .text              ro code   0x800'1798     0x4  startup_stm32f401xe.o [1]
  .text              ro code   0x800'179c     0x4  startup_stm32f401xe.o [1]
  .text              ro code   0x800'17a0     0x4  startup_stm32f401xe.o [1]
  .text              ro code   0x800'17a4     0x4  startup_stm32f401xe.o [1]
  .text              ro code   0x800'17a8     0x4  startup_stm32f401xe.o [1]
  .text              ro code   0x800'17ac     0x4  startup_stm32f401xe.o [1]
  .text              ro code   0x800'17b0     0x4  startup_stm32f401xe.o [1]
  .text              ro code   0x800'17b4     0x4  startup_stm32f401xe.o [1]
  .text              ro code   0x800'17b8     0x4  startup_stm32f401xe.o [1]
  .text              ro code   0x800'17bc     0x4  startup_stm32f401xe.o [1]
  .text              ro code   0x800'17c0     0x4  startup_stm32f401xe.o [1]
  .text              ro code   0x800'17c4     0x4  startup_stm32f401xe.o [1]
  .text              ro code   0x800'17c8     0x4  startup_stm32f401xe.o [1]
  .text              ro code   0x800'17cc     0x4  startup_stm32f401xe.o [1]
  .text              ro code   0x800'17d0     0x4  startup_stm32f401xe.o [1]
  .text              ro code   0x800'17d4     0x4  startup_stm32f401xe.o [1]
  .text              ro code   0x800'17d8     0x4  startup_stm32f401xe.o [1]
  .text              ro code   0x800'17dc     0x4  startup_stm32f401xe.o [1]
  .rodata            const     0x800'17e0     0x0  zero_init3.o [7]
  .rodata            const     0x800'17e0     0x0  copy_init3.o [7]
                             - 0x800'17e0  0x164c

"P2", part 1 of 3:                           0x10
  P2-1                        0x2000'0000    0x10  <Init block>
    .data            inited   0x2000'0000     0xc  stm32f4xx_hal.o [4]
    .data            inited   0x2000'000c     0x4  system_stm32f4xx.o [3]
                            - 0x2000'0010    0x10

"P2", part 2 of 3:                           0x90
  .bss               zero     0x2000'0010    0x90  main.o [2]
                            - 0x2000'00a0    0x90

"P2", part 3 of 3:                          0x400
  CSTACK                      0x2000'00a0   0x400  <Block>
    CSTACK           uninit   0x2000'00a0   0x400  <Block tail>
                            - 0x2000'04a0   0x400

Unused ranges:

         From           To      Size
         ----           --      ----
   0x800'17e0   0x807'ffff  0x7'e820
  0x2000'04a0  0x2001'7fff  0x1'7b60


*******************************************************************************
*** INIT TABLE
***

          Address      Size
          -------      ----
Zero (__iar_zero_init3)
    1 destination range, total size 0x90:
          0x2000'0010  0x90

Copy (__iar_copy_init3)
    1 source range, total size 0x10:
           0x800'16ec  0x10
    1 destination range, total size 0x10:
          0x2000'0000  0x10



*******************************************************************************
*** MODULE SUMMARY
***

    Module                  ro code  ro data  rw data
    ------                  -------  -------  -------
command line/config:
    -------------------------------------------------
    Total:

C:\Users\Jin\Programme\univ\mela\KadaiFinal\EWARM\KadaiFinal\Obj\Application\EWARM: [1]
    startup_stm32f401xe.o       640
    -------------------------------------------------
    Total:                      640

C:\Users\Jin\Programme\univ\mela\KadaiFinal\EWARM\KadaiFinal\Obj\Application\User: [2]
    main.o                      566               144
    stm32f4xx_hal_msp.o         252
    stm32f4xx_it.o               28
    -------------------------------------------------
    Total:                      846               144

C:\Users\Jin\Programme\univ\mela\KadaiFinal\EWARM\KadaiFinal\Obj\Drivers\CMSIS: [3]
    system_stm32f4xx.o           32       12        4
    -------------------------------------------------
    Total:                       32       12        4

C:\Users\Jin\Programme\univ\mela\KadaiFinal\EWARM\KadaiFinal\Obj\Drivers\STM32F4xx_HAL_Driver: [4]
    stm32f4xx_hal.o             184       12       12
    stm32f4xx_hal_adc.o       1'140
    stm32f4xx_hal_cortex.o      196
    stm32f4xx_hal_gpio.o        482
    stm32f4xx_hal_rcc.o       1'224
    stm32f4xx_hal_uart.o        640
    -------------------------------------------------
    Total:                    3'866       12       12

dl7M_tln.a: [5]
    exit.o                        4
    low_level_init.o              4
    -------------------------------------------------
    Total:                        8

m7M_tls.a: [6]
    fpinit_M.o                   34
    -------------------------------------------------
    Total:                       34

rt7M_tl.a: [7]
    ABImemset.o                 102
    I64DivMod_small.o           262
    I64DivZer.o                   2
    cexit.o                      10
    cmain.o                      30
    copy_init3.o                 42
    cstartup_M.o                 28
    data_init.o                  40
    memset.o                     20
    zero_init3.o                 56
    -------------------------------------------------
    Total:                      592

shb_l.a: [8]
    exit.o                       20
    -------------------------------------------------
    Total:                       20

    Gaps                         12        2
    Linker created                        36    1'024
-----------------------------------------------------
    Grand Total:              6'050       62    1'184


*******************************************************************************
*** ENTRY LIST
***

Entry                       Address   Size  Type      Object
-----                       -------   ----  ----      ------
.iar.init_table$$Base    0x800'1608          --   Gb  - Linker created -
.iar.init_table$$Limit   0x800'162c          --   Gb  - Linker created -
?main                    0x800'164d         Code  Gb  cmain.o [7]
AHBPrescTable            0x800'163c   0x10  Data  Gb  system_stm32f4xx.o [3]
APBPrescTable            0x800'16fc    0x8  Data  Gb  system_stm32f4xx.o [3]
BusFault_Handler         0x800'169b    0x2  Code  Gb  stm32f4xx_it.o [2]
CSTACK$$Base            0x2000'00a0          --   Gb  - Linker created -
CSTACK$$Limit           0x2000'04a0          --   Gb  - Linker created -
DebugMon_Handler         0x800'16a1    0x2  Code  Gb  stm32f4xx_it.o [2]
EXTI15_10_IRQHandler     0x800'16a9    0x8  Code  Gb  stm32f4xx_it.o [2]
Error_Handler            0x800'1523    0x4  Code  Gb  main.o [2]
HAL_ADC_ConfigChannel    0x800'04b5  0x110  Code  Gb  stm32f4xx_hal_adc.o [4]
HAL_ADC_GetValue         0x800'04af    0x6  Code  Gb  stm32f4xx_hal_adc.o [4]
HAL_ADC_Init             0x800'0195  0x154  Code  Gb  stm32f4xx_hal_adc.o [4]
HAL_ADC_MspInit          0x800'0641   0x44  Code  Gb  stm32f4xx_hal_msp.o [2]
HAL_ADC_PollForConversion
                         0x800'035d   0xa6  Code  Gb  stm32f4xx_hal_adc.o [4]
HAL_ADC_Start            0x800'02fd   0x60  Code  Gb  stm32f4xx_hal_adc.o [4]
HAL_Delay                0x800'155d   0x28  Code  Gb  stm32f4xx_hal.o [4]
HAL_GPIO_EXTI_Callback   0x800'09c9    0x2  Code  Gb  stm32f4xx_hal_gpio.o [4]
HAL_GPIO_EXTI_IRQHandler
                         0x800'097f   0x10  Code  Gb  stm32f4xx_hal_gpio.o [4]
HAL_GPIO_Init            0x800'07d5  0x1a2  Code  Gb  stm32f4xx_hal_gpio.o [4]
HAL_GPIO_WritePin        0x800'0977    0x8  Code  Gb  stm32f4xx_hal_gpio.o [4]
HAL_GetTick              0x800'0705    0xc  Code  Gb  stm32f4xx_hal.o [4]
HAL_IncTick              0x800'16b1   0x10  Code  Gb  stm32f4xx_hal.o [4]
HAL_Init                 0x800'1529   0x30  Code  Gb  stm32f4xx_hal.o [4]
HAL_InitTick             0x800'12ad   0x40  Code  Gb  stm32f4xx_hal.o [4]
HAL_MspInit              0x800'0609   0x38  Code  Gb  stm32f4xx_hal_msp.o [2]
HAL_NVIC_EnableIRQ       0x800'077f   0x16  Code  Gb  stm32f4xx_hal_cortex.o [4]
HAL_NVIC_SetPriority     0x800'0745   0x3a  Code  Gb  stm32f4xx_hal_cortex.o [4]
HAL_NVIC_SetPriorityGrouping
                         0x800'072b   0x1a  Code  Gb  stm32f4xx_hal_cortex.o [4]
HAL_RCC_ClockConfig      0x800'0ff9  0x100  Code  Gb  stm32f4xx_hal_rcc.o [4]
HAL_RCC_GetPCLK1Freq     0x800'1105   0x10  Code  Gb  stm32f4xx_hal_rcc.o [4]
HAL_RCC_GetPCLK2Freq     0x800'1115    0xe  Code  Gb  stm32f4xx_hal_rcc.o [4]
HAL_RCC_GetSysClockFreq
                         0x800'124d   0x60  Code  Gb  stm32f4xx_hal_rcc.o [4]
HAL_RCC_OscConfig        0x800'0a5d  0x31c  Code  Gb  stm32f4xx_hal_rcc.o [4]
HAL_SYSTICK_Config       0x800'0795   0x28  Code  Gb  stm32f4xx_hal_cortex.o [4]
HAL_UART_Init            0x800'0d79   0x1e  Code  Gb  stm32f4xx_hal_uart.o [4]
HAL_UART_MspInit         0x800'0685   0x4a  Code  Gb  stm32f4xx_hal_msp.o [2]
HAL_UART_Transmit        0x800'0def   0xb0  Code  Gb  stm32f4xx_hal_uart.o [4]
HardFault_Handler        0x800'1697    0x2  Code  Gb  stm32f4xx_it.o [2]
MemManage_Handler        0x800'1699    0x2  Code  Gb  stm32f4xx_it.o [2]
NMI_Handler              0x800'1695    0x2  Code  Gb  stm32f4xx_it.o [2]
PendSV_Handler           0x800'16a3    0x2  Code  Gb  stm32f4xx_it.o [2]
Region$$Table$$Base      0x800'1608          --   Gb  - Linker created -
Region$$Table$$Limit     0x800'162c          --   Gb  - Linker created -
SVC_Handler              0x800'169f    0x2  Code  Gb  stm32f4xx_it.o [2]
SysTick_Handler          0x800'16a5    0x4  Code  Gb  stm32f4xx_it.o [2]
SystemClock_Config       0x800'1457   0x9e  Code  Gb  main.o [2]
SystemCoreClock         0x2000'000c    0x4  Data  Gb  system_stm32f4xx.o [3]
SystemInit               0x800'162d    0xc  Code  Gb  system_stm32f4xx.o [3]
UART_SetConfig           0x800'0f2f   0xb0  Code  Lc  stm32f4xx_hal_uart.o [4]
UART_WaitOnFlagUntilTimeout
                         0x800'0e9f   0x5e  Code  Lc  stm32f4xx_hal_uart.o [4]
UsageFault_Handler       0x800'169d    0x2  Code  Gb  stm32f4xx_it.o [2]
__NVIC_SetPriority       0x800'0711   0x1a  Code  Lc  stm32f4xx_hal_cortex.o [4]
__aeabi_ldiv0            0x800'12ed         Code  Gb  I64DivZer.o [7]
__aeabi_memset           0x800'09f5         Code  Gb  ABImemset.o [7]
__cmain                  0x800'164d         Code  Gb  cmain.o [7]
__exit                   0x800'1681   0x14  Code  Gb  exit.o [8]
__iar_Memset             0x800'09f5         Code  Gb  ABImemset.o [7]
__iar_Memset_word        0x800'09fd         Code  Gb  ABImemset.o [7]
__iar_copy_init3         0x800'09cb   0x2a  Code  Gb  copy_init3.o [7]
__iar_data_init3         0x800'15bd   0x28  Code  Gb  data_init.o [7]
__iar_init_vfp           0x800'15e5         Code  Gb  fpinit_M.o [6]
__iar_program_start      0x800'16c1         Code  Gb  cstartup_M.o [7]
__iar_small_uldivmod     0x800'1145         Code  Gb  I64DivMod_small.o [7]
__iar_zero_init3         0x800'1585   0x38  Code  Gb  zero_init3.o [7]
__low_level_init         0x800'166b    0x4  Code  Gb  low_level_init.o [5]
__vector_table           0x800'0000         Data  Gb  startup_stm32f401xe.o [1]
_call_main               0x800'1659         Code  Gb  cmain.o [7]
_exit                    0x800'1675         Code  Gb  cexit.o [7]
data                    0x2000'0058    0x2  Data  Gb  main.o [2]
exit                     0x800'166f    0x4  Code  Gb  exit.o [5]
hadc1                   0x2000'0010   0x48  Data  Gb  main.o [2]
huart2                  0x2000'005c   0x44  Data  Gb  main.o [2]
main                     0x800'12f1  0x166  Code  Gb  main.o [2]
memset                   0x800'09b5   0x14  Code  Gb  memset.o [7]
uwTick                  0x2000'0004    0x4  Data  Gb  stm32f4xx_hal.o [4]
uwTickFreq              0x2000'0000    0x1  Data  Gb  stm32f4xx_hal.o [4]
uwTickPrio              0x2000'0008    0x4  Data  Gb  stm32f4xx_hal.o [4]
vol                     0x2000'005a    0x2  Data  Gb  main.o [2]


[1] = C:\Users\Jin\Programme\univ\mela\KadaiFinal\EWARM\KadaiFinal\Obj\Application\EWARM
[2] = C:\Users\Jin\Programme\univ\mela\KadaiFinal\EWARM\KadaiFinal\Obj\Application\User
[3] = C:\Users\Jin\Programme\univ\mela\KadaiFinal\EWARM\KadaiFinal\Obj\Drivers\CMSIS
[4] = C:\Users\Jin\Programme\univ\mela\KadaiFinal\EWARM\KadaiFinal\Obj\Drivers\STM32F4xx_HAL_Driver
[5] = dl7M_tln.a
[6] = m7M_tls.a
[7] = rt7M_tl.a
[8] = shb_l.a

  6'050 bytes of readonly  code memory
     62 bytes of readonly  data memory
  1'184 bytes of readwrite data memory

Errors: none
Warnings: none
